Archive member included to satisfy reference by file (symbol)

C:/Users/Taha/AppData/Local/stm32cube/bundles/gnu-tools-for-stm32/13.3.1+st.9/bin/../lib/gcc/arm-none-eabi/13.3.1/../../../../arm-none-eabi/lib/thumb/v7-m/nofp\libm.a(libm_a-s_round.o)
                              CMakeFiles/heater_module.dir/Core/Src/sensing.c.obj (round)
C:/Users/Taha/AppData/Local/stm32cube/bundles/gnu-tools-for-stm32/13.3.1+st.9/bin/../lib/gcc/arm-none-eabi/13.3.1/thumb/v7-m/nofp\libgcc.a(_arm_mulsf3.o)
                              CMakeFiles/heater_module.dir/Core/Src/sensing.c.obj (__aeabi_fmul)
C:/Users/Taha/AppData/Local/stm32cube/bundles/gnu-tools-for-stm32/13.3.1+st.9/bin/../lib/gcc/arm-none-eabi/13.3.1/thumb/v7-m/nofp\libgcc.a(_arm_addsubdf3.o)
                              C:/Users/Taha/AppData/Local/stm32cube/bundles/gnu-tools-for-stm32/13.3.1+st.9/bin/../lib/gcc/arm-none-eabi/13.3.1/../../../../arm-none-eabi/lib/thumb/v7-m/nofp\libm.a(libm_a-s_round.o) (__aeabi_dadd)
C:/Users/Taha/AppData/Local/stm32cube/bundles/gnu-tools-for-stm32/13.3.1+st.9/bin/../lib/gcc/arm-none-eabi/13.3.1/thumb/v7-m/nofp\libgcc.a(_arm_fixdfsi.o)
                              CMakeFiles/heater_module.dir/Core/Src/sensing.c.obj (__aeabi_d2iz)
C:/Users/Taha/AppData/Local/stm32cube/bundles/gnu-tools-for-stm32/13.3.1+st.9/bin/../lib/gcc/arm-none-eabi/13.3.1/thumb/v7-m/nofp\libgcc.a(_arm_addsubsf3.o)
                              CMakeFiles/heater_module.dir/Core/Src/sensing.c.obj (__aeabi_fsub)
C:/Users/Taha/AppData/Local/stm32cube/bundles/gnu-tools-for-stm32/13.3.1+st.9/bin/../lib/gcc/arm-none-eabi/13.3.1/thumb/v7-m/nofp\libgcc.a(_arm_muldivsf3.o)
                              CMakeFiles/heater_module.dir/Core/Src/sensing.c.obj (__aeabi_fdiv)
C:/Users/Taha/AppData/Local/stm32cube/bundles/gnu-tools-for-stm32/13.3.1+st.9/bin/../lib/gcc/arm-none-eabi/13.3.1/../../../../arm-none-eabi/lib/thumb/v7-m/nofp\libg_nano.a(libc_a-exit.o)
                              C:/Users/Taha/AppData/Local/stm32cube/bundles/gnu-tools-for-stm32/13.3.1+st.9/bin/../lib/gcc/arm-none-eabi/13.3.1/../../../../arm-none-eabi/lib/thumb/v7-m/nofp/crt0.o (exit)
C:/Users/Taha/AppData/Local/stm32cube/bundles/gnu-tools-for-stm32/13.3.1+st.9/bin/../lib/gcc/arm-none-eabi/13.3.1/../../../../arm-none-eabi/lib/thumb/v7-m/nofp\libg_nano.a(libc_a-nano-vfprintf_float.o)
                              (_printf_float)
C:/Users/Taha/AppData/Local/stm32cube/bundles/gnu-tools-for-stm32/13.3.1+st.9/bin/../lib/gcc/arm-none-eabi/13.3.1/../../../../arm-none-eabi/lib/thumb/v7-m/nofp\libg_nano.a(libc_a-nano-vfprintf_i.o)
                              C:/Users/Taha/AppData/Local/stm32cube/bundles/gnu-tools-for-stm32/13.3.1+st.9/bin/../lib/gcc/arm-none-eabi/13.3.1/../../../../arm-none-eabi/lib/thumb/v7-m/nofp\libg_nano.a(libc_a-nano-vfprintf_float.o) (_printf_common)
C:/Users/Taha/AppData/Local/stm32cube/bundles/gnu-tools-for-stm32/13.3.1+st.9/bin/../lib/gcc/arm-none-eabi/13.3.1/../../../../arm-none-eabi/lib/thumb/v7-m/nofp\libg_nano.a(libc_a-findfp.o)
                              C:/Users/Taha/AppData/Local/stm32cube/bundles/gnu-tools-for-stm32/13.3.1+st.9/bin/../lib/gcc/arm-none-eabi/13.3.1/../../../../arm-none-eabi/lib/thumb/v7-m/nofp\libg_nano.a(libc_a-exit.o) (__stdio_exit_handler)
C:/Users/Taha/AppData/Local/stm32cube/bundles/gnu-tools-for-stm32/13.3.1+st.9/bin/../lib/gcc/arm-none-eabi/13.3.1/../../../../arm-none-eabi/lib/thumb/v7-m/nofp\libg_nano.a(libc_a-fwalk.o)
                              C:/Users/Taha/AppData/Local/stm32cube/bundles/gnu-tools-for-stm32/13.3.1+st.9/bin/../lib/gcc/arm-none-eabi/13.3.1/../../../../arm-none-eabi/lib/thumb/v7-m/nofp\libg_nano.a(libc_a-findfp.o) (_fwalk_sglue)
C:/Users/Taha/AppData/Local/stm32cube/bundles/gnu-tools-for-stm32/13.3.1+st.9/bin/../lib/gcc/arm-none-eabi/13.3.1/../../../../arm-none-eabi/lib/thumb/v7-m/nofp\libg_nano.a(libc_a-sprintf.o)
                              CMakeFiles/heater_module.dir/Core/Src/sensing.c.obj (sprintf)
C:/Users/Taha/AppData/Local/stm32cube/bundles/gnu-tools-for-stm32/13.3.1+st.9/bin/../lib/gcc/arm-none-eabi/13.3.1/../../../../arm-none-eabi/lib/thumb/v7-m/nofp\libg_nano.a(libc_a-stdio.o)
                              C:/Users/Taha/AppData/Local/stm32cube/bundles/gnu-tools-for-stm32/13.3.1+st.9/bin/../lib/gcc/arm-none-eabi/13.3.1/../../../../arm-none-eabi/lib/thumb/v7-m/nofp\libg_nano.a(libc_a-findfp.o) (__sread)
C:/Users/Taha/AppData/Local/stm32cube/bundles/gnu-tools-for-stm32/13.3.1+st.9/bin/../lib/gcc/arm-none-eabi/13.3.1/../../../../arm-none-eabi/lib/thumb/v7-m/nofp\libg_nano.a(libc_a-memset.o)
                              C:/Users/Taha/AppData/Local/stm32cube/bundles/gnu-tools-for-stm32/13.3.1+st.9/bin/../lib/gcc/arm-none-eabi/13.3.1/../../../../arm-none-eabi/lib/thumb/v7-m/nofp/crt0.o (memset)
C:/Users/Taha/AppData/Local/stm32cube/bundles/gnu-tools-for-stm32/13.3.1+st.9/bin/../lib/gcc/arm-none-eabi/13.3.1/../../../../arm-none-eabi/lib/thumb/v7-m/nofp\libg_nano.a(libc_a-localeconv.o)
[...]
Memory Configuration

Name             Origin             Length             Attributes
RAM              0x20000000         0x00005000         xrw
FLASH            0x08000000         0x00010000         xr
*default*        0x00000000         0xffffffff

Linker script and memory map

LOAD C:/Users/Taha/AppData/Local/stm32cube/bundles/gnu-tools-for-stm32/13.3.1+st.9/bin/../lib/gcc/arm-none-eabi/13.3.1/thumb/v7-m/nofp/crti.o
LOAD C:/Users/Taha/AppData/Local/stm32cube/bundles/gnu-tools-for-stm32/13.3.1+st.9/bin/../lib/gcc/arm-none-eabi/13.3.1/thumb/v7-m/nofp/crtbegin.o
LOAD C:/Users/Taha/AppData/Local/stm32cube/bundles/gnu-tools-for-stm32/13.3.1+st.9/bin/../lib/gcc/arm-none-eabi/13.3.1/../../../../arm-none-eabi/lib/thumb/v7-m/nofp/crt0.o
LOAD cmake/stm32cubemx/CMakeFiles/STM32_Drivers.dir/__/__/Core/Src/system_stm32f1xx.c.obj
LOAD cmake/stm32cubemx/CMakeFiles/STM32_Drivers.dir/__/__/Drivers/STM32F1xx_HAL_Driver/Src/stm32f1xx_hal_gpio_ex.c.obj
LOAD cmake/stm32cubemx/CMakeFiles/STM32_Drivers.dir/__/__/Drivers/STM32F1xx_HAL_Driver/Src/stm32f1xx_hal_spi.c.obj
LOAD cmake/stm32cubemx/CMakeFiles/STM32_Drivers.dir/__/__/Drivers/STM32F1xx_HAL_Driver/Src/stm32f1xx_hal.c.obj
LOAD cmake/stm32cubemx/CMakeFiles/STM32_Drivers.dir/__/__/Drivers/STM32F1xx_HAL_Driver/Src/stm32f1xx_hal_rcc.c.obj
LOAD cmake/stm32cubemx/CMakeFiles/STM32_Drivers.dir/__/__/Drivers/STM32F1xx_HAL_Driver/Src/stm32f1xx_hal_rcc_ex.c.obj
LOAD cmake/stm32cubemx/CMakeFiles/STM32_Drivers.dir/__/__/Drivers/STM32F1xx_HAL_Driver/Src/stm32f1xx_hal_gpio.c.obj
LOAD cmake/stm32cubemx/CMakeFiles/STM32_Drivers.dir/__/__/Drivers/STM32F1xx_HAL_Driver/Src/stm32f1xx_hal_dma.c.obj
LOAD cmake/stm32cubemx/CMakeFiles/STM32_Drivers.dir/__/__/Drivers/STM32F1xx_HAL_Driver/Src/stm32f1xx_hal_cortex.c.obj
LOAD cmake/stm32cubemx/CMakeFiles/STM32_Drivers.dir/__/__/Drivers/STM32F1xx_HAL_Driver/Src/stm32f1xx_hal_pwr.c.obj
LOAD cmake/stm32cubemx/CMakeFiles/STM32_Drivers.dir/__/__/Drivers/STM32F1xx_HAL_Driver/Src/stm32f1xx_hal_flash.c.obj
LOAD cmake/stm32cubemx/CMakeFiles/STM32_Drivers.dir/__/__/Drivers/STM32F1xx_HAL_Driver/Src/stm32f1xx_hal_flash_ex.c.obj
LOAD cmake/stm32cubemx/CMakeFiles/STM32_Drivers.dir/__/__/Drivers/STM32F1xx_HAL_Driver/Src/stm32f1xx_hal_exti.c.obj
LOAD cmake/stm32cubemx/CMakeFiles/STM32_Drivers.dir/__/__/Drivers/STM32F1xx_HAL_Driver/Src/stm32f1xx_hal_tim.c.obj
LOAD cmake/stm32cubemx/CMakeFiles/STM32_Drivers.dir/__/__/Drivers/STM32F1xx_HAL_Driver/Src/stm32f1xx_hal_tim_ex.c.obj
LOAD CMakeFiles/heater_module.dir/Core/Src/main.c.obj
LOAD CMakeFiles/heater_module.dir/Core/Src/gpio.c.obj
LOAD CMakeFiles/heater_module.dir/Core/Src/dma.c.obj
LOAD CMakeFiles/heater_module.dir/Core/Src/spi.c.obj
LOAD CMakeFiles/heater_module.dir/Core/Src/tim.c.obj
LOAD CMakeFiles/heater_module.dir/Core/Src/stm32f1xx_it.c.obj
LOAD CMakeFiles/heater_module.dir/Core/Src/stm32f1xx_hal_msp.c.obj
LOAD CMakeFiles/heater_module.dir/Core/Src/sysmem.c.obj
LOAD CMakeFiles/heater_module.dir/Core/Src/syscalls.c.obj
LOAD CMakeFiles/heater_module.dir/startup_stm32f103xb.s.obj
LOAD CMakeFiles/heater_module.dir/Core/Src/sensing.c.obj
LOAD CMakeFiles/heater_module.dir/Core/Src/lcd.c.obj
LOAD C:/Users/Taha/AppData/Local/stm32cube/bundles/gnu-tools-for-stm32/13.3.1+st.9/bin/../lib/gcc/arm-none-eabi/13.3.1/../../../../arm-none-eabi/lib/thumb/v7-m/nofp\libm.a
START GROUP
LOAD C:/Users/Taha/AppData/Local/stm32cube/bundles/gnu-tools-for-stm32/13.3.1+st.9/bin/../lib/gcc/arm-none-eabi/13.3.1/thumb/v7-m/nofp\libgcc.a
LOAD C:/Users/Taha/AppData/Local/stm32cube/bundles/gnu-tools-for-stm32/13.3.1+st.9/bin/../lib/gcc/arm-none-eabi/13.3.1/../../../../arm-none-eabi/lib/thumb/v7-m/nofp\libg_nano.a
LOAD C:/Users/Taha/AppData/Local/stm32cube/bundles/gnu-tools-for-stm32/13.3.1+st.9/bin/../lib/gcc/arm-none-eabi/13.3.1/../../../../arm-none-eabi/lib/thumb/v7-m/nofp\libc_nano.a
END GROUP
START GROUP
LOAD C:/Users/Taha/AppData/Local/stm32cube/bundles/gnu-tools-for-stm32/13.3.1+st.9/bin/../lib/gcc/arm-none-eabi/13.3.1/thumb/v7-m/nofp\libgcc.a
LOAD C:/Users/Taha/AppData/Local/stm32cube/bundles/gnu-tools-for-stm32/13.3.1+st.9/bin/../lib/gcc/arm-none-eabi/13.3.1/../../../../arm-none-eabi/lib/thumb/v7-m/nofp\libc_nano.a
END GROUP
LOAD C:/Users/Taha/AppData/Local/stm32cube/bundles/gnu-tools-for-stm32/13.3.1+st.9/bin/../lib/gcc/arm-none-eabi/13.3.1/thumb/v7-m/nofp/crtend.o
LOAD C:/Users/Taha/AppData/Local/stm32cube/bundles/gnu-tools-for-stm32/13.3.1+st.9/bin/../lib/gcc/arm-none-eabi/13.3.1/thumb/v7-m/nofp/crtn.o
                0x20005000                        _estack = (ORIGIN (RAM) + LENGTH (RAM))
                0x00000200                        _Min_Heap_Size = 0x200
                0x00000400                        _Min_Stack_Size = 0x400

.isr_vector     0x08000000      0x10c
                0x08000000                        . = ALIGN (0x4)
 *(.isr_vector)
 .isr_vector    0x08000000      0x10c CMakeFiles/heater_module.dir/startup_stm32f103xb.s.obj
                0x08000000                g_pfnVectors
                0x0800010c                        . = ALIGN (0x4)

.text           0x08000110     0x7368
                0x08000110                        . = ALIGN (0x4)
 *(.text)
 .text          0x08000110       0x40 C:/Users/Taha/AppData/Local/stm32cube/bundles/gnu-tools-for-stm32/13.3.1+st.9/bin/../lib/gcc/arm-none-eabi/13.3.1/thumb/v7-m/nofp/crtbegin.o
 .text          0x08000150      0x378 C:/Users/Taha/AppData/Local/stm32cube/bundles/gnu-tools-for-stm32/13.3.1+st.9/bin/../lib/gcc/arm-none-eabi/13.3.1/thumb/v7-m/nofp\libgcc.a(_arm_addsubdf3.o)
                0x08000150                __aeabi_drsub
                0x08000158                __aeabi_dsub
                0x08000158                __subdf3
                0x0800015c                __aeabi_dadd
                0x0800015c                __adddf3
                0x080003d4                __floatunsidf
                0x080003d4                __aeabi_ui2d
                0x080003f4                __floatsidf
                0x080003f4                __aeabi_i2d
                0x08000418                __aeabi_f2d
                0x08000418                __extendsfdf2
                0x0800045c                __floatundidf
                0x0800045c                __aeabi_ul2d
                0x0800046c                __floatdidf
                0x0800046c                __aeabi_l2d
 .text          0x080004c8       0x50 C:/Users/Taha/AppData/Local/stm32cube/bundles/gnu-tools-for-stm32/13.3.1+st.9/bin/../lib/gcc/arm-none-eabi/13.3.1/thumb/v7-m/nofp\libgcc.a(_arm_fixdfsi.o)
                0x080004c8                __aeabi_d2iz
                0x080004c8                __fixdfsi
 .text          0x08000518      0x21c C:/Users/Taha/AppData/Local/stm32cube/bundles/gnu-tools-for-stm32/13.3.1+st.9/bin/../lib/gcc/arm-none-eabi/13.3.1/thumb/v7-m/nofp\libgcc.a(_arm_addsubsf3.o)
                0x08000518                __aeabi_frsub
                0x08000520                __subsf3
                0x08000520                __aeabi_fsub
                0x08000524                __aeabi_fadd
                0x08000524                __addsf3
                0x08000684                __aeabi_ui2f
                0x08000684                __floatunsisf
                0x0800068c                __aeabi_i2f
                0x0800068c                __floatsisf
                0x080006a8                __aeabi_ul2f
                0x080006a8                __floatundisf
                0x080006b8                __aeabi_l2f
                0x080006b8                __floatdisf
 .text          0x08000734      0x2a0 C:/Users/Taha/AppData/Local/stm32cube/bundles/gnu-tools-for-stm32/13.3.1+st.9/bin/../lib/gcc/arm-none-eabi/13.3.1/thumb/v7-m/nofp\libgcc.a(_arm_muldivsf3.o)
                0x08000734                __mulsf3
                0x08000734                __aeabi_fmul
                0x0800089c                __aeabi_fdiv
                0x0800089c                __divsf3
 .text          0x080009d4       0x10 C:/Users/Taha/AppData/Local/stm32cube/bundles/gnu-tools-for-stm32/13.3.1+st.9/bin/../lib/gcc/arm-none-eabi/13.3.1/../../../../arm-none-eabi/lib/thumb/v7-m/nofp\libg_nano.a(libc_a-strlen.o)
                0x080009d4                strlen
 .text          0x080009e4      0x424 C:/Users/Taha/AppData/Local/stm32cube/bundles/gnu-tools-for-stm32/13.3.1+st.9/bin/../lib/gcc/arm-none-eabi/13.3.1/thumb/v7-m/nofp\libgcc.a(_arm_muldivdf3.o)
                0x080009e4                __aeabi_dmul
                0x080009e4                __muldf3
                0x08000c38                __divdf3
                0x08000c38                __aeabi_ddiv
 .text          0x08000e08      0x110 C:/Users/Taha/AppData/Local/stm32cube/bundles/gnu-tools-for-stm32/13.3.1+st.9/bin/../lib/gcc/arm-none-eabi/13.3.1/thumb/v7-m/nofp\libgcc.a(_arm_cmpdf2.o)
                0x08000e08                __gtdf2
                0x08000e08                __gedf2
                0x08000e10                __ltdf2
                0x08000e10                __ledf2
                0x08000e18                __nedf2
                0x08000e18                __eqdf2
                0x08000e18                __cmpdf2
                0x08000e94                __aeabi_cdrcmple
                0x08000ea4                __aeabi_cdcmpeq
                0x08000ea4                __aeabi_cdcmple
                0x08000eb4                __aeabi_dcmpeq
                0x08000ec8                __aeabi_dcmplt
                0x08000edc                __aeabi_dcmple
                0x08000ef0                __aeabi_dcmpge
                0x08000f04                __aeabi_dcmpgt
 .text          0x08000f18       0x2c C:/Users/Taha/AppData/Local/stm32cube/bundles/gnu-tools-for-stm32/13.3.1+st.9/bin/../lib/gcc/arm-none-eabi/13.3.1/thumb/v7-m/nofp\libgcc.a(_arm_unorddf2.o)
                0x08000f18                __unorddf2
                0x08000f18                __aeabi_dcmpun
 *(.text*)
 .text.SystemInit
                0x08000f44        0xc cmake/stm32cubemx/CMakeFiles/STM32_Drivers.dir/__/__/Core/Src/system_stm32f1xx.c.obj
                0x08000f44                SystemInit
 .text.HAL_SPI_Init
                0x08000f50      0x108 cmake/stm32cubemx/CMakeFiles/STM32_Drivers.dir/__/__/Drivers/STM32F1xx_HAL_Driver/Src/stm32f1xx_hal_spi.c.obj
                0x08000f50                HAL_SPI_Init
 .text.HAL_SPI_TransmitReceive_DMA
                0x08001058      0x1f8 cmake/stm32cubemx/CMakeFiles/STM32_Drivers.dir/__/__/Drivers/STM32F1xx_HAL_Driver/Src/stm32f1xx_hal_spi.c.obj
                0x08001058                HAL_SPI_TransmitReceive_DMA
 .text.HAL_SPI_IRQHandler
                0x08001250      0x1cc cmake/stm32cubemx/CMakeFiles/STM32_Drivers.dir/__/__/Drivers/STM32F1xx_HAL_Driver/Src/stm32f1xx_hal_spi.c.obj
                0x08001250                HAL_SPI_IRQHandler
 .text.HAL_SPI_RxCpltCallback
                0x0800141c       0x12 cmake/stm32cubemx/CMakeFiles/STM32_Drivers.dir/__/__/Drivers/STM32F1xx_HAL_Driver/Src/stm32f1xx_hal_spi.c.obj
                0x0800141c                HAL_SPI_RxCpltCallback
 .text.HAL_SPI_RxHalfCpltCallback
                0x0800142e       0x12 cmake/stm32cubemx/CMakeFiles/STM32_Drivers.dir/__/__/Drivers/STM32F1xx_HAL_Driver/Src/stm32f1xx_hal_spi.c.obj
                0x0800142e                HAL_SPI_RxHalfCpltCallback
 .text.HAL_SPI_TxRxHalfCpltCallback
                0x08001440       0x12 cmake/stm32cubemx/CMakeFiles/STM32_Drivers.dir/__/__/Drivers/STM32F1xx_HAL_Driver/Src/stm32f1xx_hal_spi.c.obj
                0x08001440                HAL_SPI_TxRxHalfCpltCallback
 .text.HAL_SPI_GetError
                0x08001452       0x16 cmake/stm32cubemx/CMakeFiles/STM32_Drivers.dir/__/__/Drivers/STM32F1xx_HAL_Driver/Src/stm32f1xx_hal_spi.c.obj
                0x08001452                HAL_SPI_GetError
 .text.SPI_DMAReceiveCplt
                0x08001468       0xa6 cmake/stm32cubemx/CMakeFiles/STM32_Drivers.dir/__/__/Drivers/STM32F1xx_HAL_Driver/Src/stm32f1xx_hal_spi.c.obj
 .text.SPI_DMATransmitReceiveCplt
                0x0800150e       0x8e cmake/stm32cubemx/CMakeFiles/STM32_Drivers.dir/__/__/Drivers/STM32F1xx_HAL_Driver/Src/stm32f1xx_hal_spi.c.obj
 .text.SPI_DMAHalfReceiveCplt
                0x0800159c       0x1c cmake/stm32cubemx/CMakeFiles/STM32_Drivers.dir/__/__/Drivers/STM32F1xx_HAL_Driver/Src/stm32f1xx_hal_spi.c.obj
 .text.SPI_DMAHalfTransmitReceiveCplt
                0x080015b8       0x1c cmake/stm32cubemx/CMakeFiles/STM32_Drivers.dir/__/__/Drivers/STM32F1xx_HAL_Driver/Src/stm32f1xx_hal_spi.c.obj
 .text.SPI_DMAError
                0x080015d4       0x40 cmake/stm32cubemx/CMakeFiles/STM32_Drivers.dir/__/__/Drivers/STM32F1xx_HAL_Driver/Src/stm32f1xx_hal_spi.c.obj
 .text.SPI_DMAAbortOnError
                0x08001614       0x28 cmake/stm32cubemx/CMakeFiles/STM32_Drivers.dir/__/__/Drivers/STM32F1xx_HAL_Driver/Src/stm32f1xx_hal_spi.c.obj
 .text.SPI_WaitFlagStateUntilTimeout
                0x0800163c      0x110 cmake/stm32cubemx/CMakeFiles/STM32_Drivers.dir/__/__/Drivers/STM32F1xx_HAL_Driver/Src/stm32f1xx_hal_spi.c.obj
 .text.SPI_EndRxTransaction
                0x0800174c       0xa4 cmake/stm32cubemx/CMakeFiles/STM32_Drivers.dir/__/__/Drivers/STM32F1xx_HAL_Driver/Src/stm32f1xx_hal_spi.c.obj
 .text.SPI_EndRxTxTransaction
                0x080017f0       0x62 cmake/stm32cubemx/CMakeFiles/STM32_Drivers.dir/__/__/Drivers/STM32F1xx_HAL_Driver/Src/stm32f1xx_hal_spi.c.obj
 *fill*         0x08001852        0x2 
 .text.HAL_Init
                0x08001854       0x2c cmake/stm32cubemx/CMakeFiles/STM32_Drivers.dir/__/__/Drivers/STM32F1xx_HAL_Driver/Src/stm32f1xx_hal.c.obj
                0x08001854                HAL_Init
 .text.HAL_InitTick
                0x08001880       0x60 cmake/stm32cubemx/CMakeFiles/STM32_Drivers.dir/__/__/Drivers/STM32F1xx_HAL_Driver/Src/stm32f1xx_hal.c.obj
                0x08001880                HAL_InitTick
 .text.HAL_IncTick
                0x080018e0       0x24 cmake/stm32cubemx/CMakeFiles/STM32_Drivers.dir/__/__/Drivers/STM32F1xx_HAL_Driver/Src/stm32f1xx_hal.c.obj
                0x080018e0                HAL_IncTick
 .text.HAL_GetTick
                0x08001904       0x14 cmake/stm32cubemx/CMakeFiles/STM32_Drivers.dir/__/__/Drivers/STM32F1xx_HAL_Driver/Src/stm32f1xx_hal.c.obj
                0x08001904                HAL_GetTick
 .text.HAL_Delay
                0x08001918       0x48 cmake/stm32cubemx/CMakeFiles/STM32_Drivers.dir/__/__/Drivers/STM32F1xx_HAL_Driver/Src/stm32f1xx_hal.c.obj
                0x08001918                HAL_Delay
 .text.HAL_RCC_OscConfig
                0x08001960      0x504 cmake/stm32cubemx/CMakeFiles/STM32_Drivers.dir/__/__/Drivers/STM32F1xx_HAL_Driver/Src/stm32f1xx_hal_rcc.c.obj
                0x08001960                HAL_RCC_OscConfig
 .text.HAL_RCC_ClockConfig
                0x08001e64      0x1d4 cmake/stm32cubemx/CMakeFiles/STM32_Drivers.dir/__/__/Drivers/STM32F1xx_HAL_Driver/Src/stm32f1xx_hal_rcc.c.obj
                0x08001e64                HAL_RCC_ClockConfig
 .text.HAL_RCC_GetSysClockFreq
                0x08002038       0xa8 cmake/stm32cubemx/CMakeFiles/STM32_Drivers.dir/__/__/Drivers/STM32F1xx_HAL_Driver/Src/stm32f1xx_hal_rcc.c.obj
                0x08002038                HAL_RCC_GetSysClockFreq
 .text.RCC_Delay
                0x080020e0       0x3c cmake/stm32cubemx/CMakeFiles/STM32_Drivers.dir/__/__/Drivers/STM32F1xx_HAL_Driver/Src/stm32f1xx_hal_rcc.c.obj
 .text.HAL_GPIO_Init
                0x0800211c      0x308 cmake/stm32cubemx/CMakeFiles/STM32_Drivers.dir/__/__/Drivers/STM32F1xx_HAL_Driver/Src/stm32f1xx_hal_gpio.c.obj
                0x0800211c                HAL_GPIO_Init
 .text.HAL_GPIO_WritePin
                0x08002424       0x30 cmake/stm32cubemx/CMakeFiles/STM32_Drivers.dir/__/__/Drivers/STM32F1xx_HAL_Driver/Src/stm32f1xx_hal_gpio.c.obj
                0x08002424                HAL_GPIO_WritePin
 .text.HAL_GPIO_TogglePin
                0x08002454       0x32 cmake/stm32cubemx/CMakeFiles/STM32_Drivers.dir/__/__/Drivers/STM32F1xx_HAL_Driver/Src/stm32f1xx_hal_gpio.c.obj
                0x08002454                HAL_GPIO_TogglePin
 *fill*         0x08002486        0x2 
 .text.HAL_DMA_Init
                0x08002488       0xb4 cmake/stm32cubemx/CMakeFiles/STM32_Drivers.dir/__/__/Drivers/STM32F1xx_HAL_Driver/Src/stm32f1xx_hal_dma.c.obj
                0x08002488                HAL_DMA_Init
 .text.HAL_DMA_Start_IT
                0x0800253c       0xc0 cmake/stm32cubemx/CMakeFiles/STM32_Drivers.dir/__/__/Drivers/STM32F1xx_HAL_Driver/Src/stm32f1xx_hal_dma.c.obj
                0x0800253c                HAL_DMA_Start_IT
 .text.HAL_DMA_Abort_IT
                0x080025fc       0xf0 cmake/stm32cubemx/CMakeFiles/STM32_Drivers.dir/__/__/Drivers/STM32F1xx_HAL_Driver/Src/stm32f1xx_hal_dma.c.obj
                0x080025fc                HAL_DMA_Abort_IT
 .text.HAL_DMA_IRQHandler
                0x080026ec      0x20c cmake/stm32cubemx/CMakeFiles/STM32_Drivers.dir/__/__/Drivers/STM32F1xx_HAL_Driver/Src/stm32f1xx_hal_dma.c.obj
                0x080026ec                HAL_DMA_IRQHandler
 .text.DMA_SetConfig
                0x080028f8       0x5a cmake/stm32cubemx/CMakeFiles/STM32_Drivers.dir/__/__/Drivers/STM32F1xx_HAL_Driver/Src/stm32f1xx_hal_dma.c.obj
 *fill*         0x08002952        0x2 
 .text.__NVIC_SetPriorityGrouping
                0x08002954       0x48 cmake/stm32cubemx/CMakeFiles/STM32_Drivers.dir/__/__/Drivers/STM32F1xx_HAL_Driver/Src/stm32f1xx_hal_cortex.c.obj
 .text.__NVIC_GetPriorityGrouping
                0x0800299c       0x1c cmake/stm32cubemx/CMakeFiles/STM32_Drivers.dir/__/__/Drivers/STM32F1xx_HAL_Driver/Src/stm32f1xx_hal_cortex.c.obj
 .text.__NVIC_EnableIRQ
                0x080029b8       0x38 cmake/stm32cubemx/CMakeFiles/STM32_Drivers.dir/__/__/Drivers/STM32F1xx_HAL_Driver/Src/stm32f1xx_hal_cortex.c.obj
 .text.__NVIC_SetPriority
                0x080029f0       0x54 cmake/stm32cubemx/CMakeFiles/STM32_Drivers.dir/__/__/Drivers/STM32F1xx_HAL_Driver/Src/stm32f1xx_hal_cortex.c.obj
 .text.NVIC_EncodePriority
                0x08002a44       0x64 cmake/stm32cubemx/CMakeFiles/STM32_Drivers.dir/__/__/Drivers/STM32F1xx_HAL_Driver/Src/stm32f1xx_hal_cortex.c.obj
 .text.SysTick_Config
                0x08002aa8       0x44 cmake/stm32cubemx/CMakeFiles/STM32_Drivers.dir/__/__/Drivers/STM32F1xx_HAL_Driver/Src/stm32f1xx_hal_cortex.c.obj
 .text.HAL_NVIC_SetPriorityGrouping
                0x08002aec       0x16 cmake/stm32cubemx/CMakeFiles/STM32_Drivers.dir/__/__/Drivers/STM32F1xx_HAL_Driver/Src/stm32f1xx_hal_cortex.c.obj
                0x08002aec                HAL_NVIC_SetPriorityGrouping
 .text.HAL_NVIC_SetPriority
                0x08002b02       0x38 cmake/stm32cubemx/CMakeFiles/STM32_Drivers.dir/__/__/Drivers/STM32F1xx_HAL_Driver/Src/stm32f1xx_hal_cortex.c.obj
                0x08002b02                HAL_NVIC_SetPriority
 .text.HAL_NVIC_EnableIRQ
                0x08002b3a       0x1c cmake/stm32cubemx/CMakeFiles/STM32_Drivers.dir/__/__/Drivers/STM32F1xx_HAL_Driver/Src/stm32f1xx_hal_cortex.c.obj
                0x08002b3a                HAL_NVIC_EnableIRQ
 .text.HAL_SYSTICK_Config
                0x08002b56       0x18 cmake/stm32cubemx/CMakeFiles/STM32_Drivers.dir/__/__/Drivers/STM32F1xx_HAL_Driver/Src/stm32f1xx_hal_cortex.c.obj
                0x08002b56                HAL_SYSTICK_Config
 .text.HAL_TIM_Base_Init
                0x08002b6e       0x9e cmake/stm32cubemx/CMakeFiles/STM32_Drivers.dir/__/__/Drivers/STM32F1xx_HAL_Driver/Src/stm32f1xx_hal_tim.c.obj
                0x08002b6e                HAL_TIM_Base_Init
 .text.HAL_TIM_Base_Start_IT
                0x08002c0c       0xa4 cmake/stm32cubemx/CMakeFiles/STM32_Drivers.dir/__/__/Drivers/STM32F1xx_HAL_Driver/Src/stm32f1xx_hal_tim.c.obj
                0x08002c0c                HAL_TIM_Base_Start_IT
 .text.HAL_TIM_IRQHandler
                0x08002cb0      0x1e0 cmake/stm32cubemx/CMakeFiles/STM32_Drivers.dir/__/__/Drivers/STM32F1xx_HAL_Driver/Src/stm32f1xx_hal_tim.c.obj
                0x08002cb0                HAL_TIM_IRQHandler
 .text.HAL_TIM_ConfigClockSource
                0x08002e90      0x18e cmake/stm32cubemx/CMakeFiles/STM32_Drivers.dir/__/__/Drivers/STM32F1xx_HAL_Driver/Src/stm32f1xx_hal_tim.c.obj
                0x08002e90                HAL_TIM_ConfigClockSource
 .text.HAL_TIM_OC_DelayElapsedCallback
                0x0800301e       0x12 cmake/stm32cubemx/CMakeFiles/STM32_Drivers.dir/__/__/Drivers/STM32F1xx_HAL_Driver/Src/stm32f1xx_hal_tim.c.obj
                0x0800301e                HAL_TIM_OC_DelayElapsedCallback
 .text.HAL_TIM_IC_CaptureCallback
                0x08003030       0x12 cmake/stm32cubemx/CMakeFiles/STM32_Drivers.dir/__/__/Drivers/STM32F1xx_HAL_Driver/Src/stm32f1xx_hal_tim.c.obj
                0x08003030                HAL_TIM_IC_CaptureCallback
 .text.HAL_TIM_PWM_PulseFinishedCallback
                0x08003042       0x12 cmake/stm32cubemx/CMakeFiles/STM32_Drivers.dir/__/__/Drivers/STM32F1xx_HAL_Driver/Src/stm32f1xx_hal_tim.c.obj
                0x08003042                HAL_TIM_PWM_PulseFinishedCallback
 .text.HAL_TIM_TriggerCallback
                0x08003054       0x12 cmake/stm32cubemx/CMakeFiles/STM32_Drivers.dir/__/__/Drivers/STM32F1xx_HAL_Driver/Src/stm32f1xx_hal_tim.c.obj
                0x08003054                HAL_TIM_TriggerCallback
 *fill*         0x08003066        0x2 
 .text.TIM_Base_SetConfig
                0x08003068       0xdc cmake/stm32cubemx/CMakeFiles/STM32_Drivers.dir/__/__/Drivers/STM32F1xx_HAL_Driver/Src/stm32f1xx_hal_tim.c.obj
                0x08003068                TIM_Base_SetConfig
 .text.TIM_TI1_ConfigInputStage
                0x08003144       0x5c cmake/stm32cubemx/CMakeFiles/STM32_Drivers.dir/__/__/Drivers/STM32F1xx_HAL_Driver/Src/stm32f1xx_hal_tim.c.obj
 .text.TIM_TI2_ConfigInputStage
                0x080031a0       0x5e cmake/stm32cubemx/CMakeFiles/STM32_Drivers.dir/__/__/Drivers/STM32F1xx_HAL_Driver/Src/stm32f1xx_hal_tim.c.obj
 .text.TIM_ITRx_SetConfig
                0x080031fe       0x34 cmake/stm32cubemx/CMakeFiles/STM32_Drivers.dir/__/__/Drivers/STM32F1xx_HAL_Driver/Src/stm32f1xx_hal_tim.c.obj
 .text.TIM_ETR_SetConfig
                0x08003232       0x3e cmake/stm32cubemx/CMakeFiles/STM32_Drivers.dir/__/__/Drivers/STM32F1xx_HAL_Driver/Src/stm32f1xx_hal_tim.c.obj
                0x08003232                TIM_ETR_SetConfig
 .text.HAL_TIMEx_MasterConfigSynchronization
                0x08003270       0xbc cmake/stm32cubemx/CMakeFiles/STM32_Drivers.dir/__/__/Drivers/STM32F1xx_HAL_Driver/Src/stm32f1xx_hal_tim_ex.c.obj
                0x08003270                HAL_TIMEx_MasterConfigSynchronization
 .text.HAL_TIMEx_CommutCallback
                0x0800332c       0x12 cmake/stm32cubemx/CMakeFiles/STM32_Drivers.dir/__/__/Drivers/STM32F1xx_HAL_Driver/Src/stm32f1xx_hal_tim_ex.c.obj
                0x0800332c                HAL_TIMEx_CommutCallback
 .text.HAL_TIMEx_BreakCallback
                0x0800333e       0x12 cmake/stm32cubemx/CMakeFiles/STM32_Drivers.dir/__/__/Drivers/STM32F1xx_HAL_Driver/Src/stm32f1xx_hal_tim_ex.c.obj
                0x0800333e                HAL_TIMEx_BreakCallback
 .text.main     0x08003350       0x70 CMakeFiles/heater_module.dir/Core/Src/main.c.obj
                0x08003350                main
 .text.SystemClock_Config
                0x080033c0       0x8c CMakeFiles/heater_module.dir/Core/Src/main.c.obj
                0x080033c0                SystemClock_Config
 .text.Error_Handler
                0x0800344c        0xc CMakeFiles/heater_module.dir/Core/Src/main.c.obj
                0x0800344c                Error_Handler
 .text.MX_GPIO_Init
                0x08003458      0x108 CMakeFiles/heater_module.dir/Core/Src/gpio.c.obj
                0x08003458                MX_GPIO_Init
 .text.MX_DMA_Init
                0x08003560       0x6c CMakeFiles/heater_module.dir/Core/Src/dma.c.obj
                0x08003560                MX_DMA_Init
 .text.MX_SPI1_Init
                0x080035cc       0x6c CMakeFiles/heater_module.dir/Core/Src/spi.c.obj
                0x080035cc                MX_SPI1_Init
 .text.MX_SPI2_Init
                0x08003638       0x6c CMakeFiles/heater_module.dir/Core/Src/spi.c.obj
                0x08003638                MX_SPI2_Init
 .text.HAL_SPI_MspInit
                0x080036a4      0x280 CMakeFiles/heater_module.dir/Core/Src/spi.c.obj
                0x080036a4                HAL_SPI_MspInit
 .text.MX_TIM1_Init
                0x08003924       0xa4 CMakeFiles/heater_module.dir/Core/Src/tim.c.obj
                0x08003924                MX_TIM1_Init
 .text.HAL_TIM_Base_MspInit
                0x080039c8       0x4c CMakeFiles/heater_module.dir/Core/Src/tim.c.obj
                0x080039c8                HAL_TIM_Base_MspInit
 .text.HAL_TIM_PeriodElapsedCallback
                0x08003a14       0xa8 CMakeFiles/heater_module.dir/Core/Src/tim.c.obj
                0x08003a14                HAL_TIM_PeriodElapsedCallback
 .text.NMI_Handler
                0x08003abc        0x8 CMakeFiles/heater_module.dir/Core/Src/stm32f1xx_it.c.obj
                0x08003abc                NMI_Handler
 .text.HardFault_Handler
                0x08003ac4        0x8 CMakeFiles/heater_module.dir/Core/Src/stm32f1xx_it.c.obj
                0x08003ac4                HardFault_Handler
 .text.MemManage_Handler
                0x08003acc        0x8 CMakeFiles/heater_module.dir/Core/Src/stm32f1xx_it.c.obj
                0x08003acc                MemManage_Handler
 .text.BusFault_Handler
                0x08003ad4        0x8 CMakeFiles/heater_module.dir/Core/Src/stm32f1xx_it.c.obj
                0x08003ad4                BusFault_Handler
 .text.UsageFault_Handler
                0x08003adc        0x8 CMakeFiles/heater_module.dir/Core/Src/stm32f1xx_it.c.obj
                0x08003adc                UsageFault_Handler
 .text.SVC_Handler
                0x08003ae4        0xc CMakeFiles/heater_module.dir/Core/Src/stm32f1xx_it.c.obj
                0x08003ae4                SVC_Handler
 .text.DebugMon_Handler
                0x08003af0        0xc CMakeFiles/heater_module.dir/Core/Src/stm32f1xx_it.c.obj
                0x08003af0                DebugMon_Handler
 .text.PendSV_Handler
                0x08003afc        0xc CMakeFiles/heater_module.dir/Core/Src/stm32f1xx_it.c.obj
                0x08003afc                PendSV_Handler
 .text.SysTick_Handler
                0x08003b08        0xc CMakeFiles/heater_module.dir/Core/Src/stm32f1xx_it.c.obj
                0x08003b08                SysTick_Handler
 .text.DMA1_Channel2_IRQHandler
                0x08003b14       0x14 CMakeFiles/heater_module.dir/Core/Src/stm32f1xx_it.c.obj
                0x08003b14                DMA1_Channel2_IRQHandler
 .text.DMA1_Channel3_IRQHandler
                0x08003b28       0x14 CMakeFiles/heater_module.dir/Core/Src/stm32f1xx_it.c.obj
                0x08003b28                DMA1_Channel3_IRQHandler
 .text.DMA1_Channel4_IRQHandler
                0x08003b3c       0x14 CMakeFiles/heater_module.dir/Core/Src/stm32f1xx_it.c.obj
                0x08003b3c                DMA1_Channel4_IRQHandler
 .text.DMA1_Channel5_IRQHandler
                0x08003b50       0x14 CMakeFiles/heater_module.dir/Core/Src/stm32f1xx_it.c.obj
                0x08003b50                DMA1_Channel5_IRQHandler
 .text.TIM1_UP_IRQHandler
                0x08003b64       0x14 CMakeFiles/heater_module.dir/Core/Src/stm32f1xx_it.c.obj
                0x08003b64                TIM1_UP_IRQHandler
 .text.SPI1_IRQHandler
                0x08003b78       0x14 CMakeFiles/heater_module.dir/Core/Src/stm32f1xx_it.c.obj
                0x08003b78                SPI1_IRQHandler
 .text.SPI2_IRQHandler
                0x08003b8c       0x14 CMakeFiles/heater_module.dir/Core/Src/stm32f1xx_it.c.obj
                0x08003b8c                SPI2_IRQHandler
 .text.HAL_MspInit
                0x08003ba0       0xac CMakeFiles/heater_module.dir/Core/Src/stm32f1xx_hal_msp.c.obj
                0x08003ba0                HAL_MspInit
 .text._sbrk    0x08003c4c       0x6c CMakeFiles/heater_module.dir/Core/Src/sysmem.c.obj
                0x08003c4c                _sbrk
 .text._getpid  0x08003cb8        0xe CMakeFiles/heater_module.dir/Core/Src/syscalls.c.obj
                0x08003cb8                _getpid
 .text._kill    0x08003cc6       0x20 CMakeFiles/heater_module.dir/Core/Src/syscalls.c.obj
                0x08003cc6                _kill
 .text._exit    0x08003ce6       0x16 CMakeFiles/heater_module.dir/Core/Src/syscalls.c.obj
                0x08003ce6                _exit
 .text._read    0x08003cfc       0x3a CMakeFiles/heater_module.dir/Core/Src/syscalls.c.obj
                0x08003cfc                _read
 .text._write   0x08003d36       0x38 CMakeFiles/heater_module.dir/Core/Src/syscalls.c.obj
                0x08003d36                _write
 .text._close   0x08003d6e       0x16 CMakeFiles/heater_module.dir/Core/Src/syscalls.c.obj
                0x08003d6e                _close
 .text._fstat   0x08003d84       0x1e CMakeFiles/heater_module.dir/Core/Src/syscalls.c.obj
                0x08003d84                _fstat
 .text._isatty  0x08003da2       0x14 CMakeFiles/heater_module.dir/Core/Src/syscalls.c.obj
                0x08003da2                _isatty
 .text._lseek   0x08003db6       0x18 CMakeFiles/heater_module.dir/Core/Src/syscalls.c.obj
                0x08003db6                _lseek
 *fill*         0x08003dce        0x2 
 .text.Reset_Handler
                0x08003dd0       0x48 CMakeFiles/heater_module.dir/startup_stm32f103xb.s.obj
                0x08003dd0                Reset_Handler
 .text.Default_Handler
                0x08003e18        0x2 CMakeFiles/heater_module.dir/startup_stm32f103xb.s.obj
                0x08003e18                RTC_Alarm_IRQHandler
                0x08003e18                EXTI2_IRQHandler
                0x08003e18                TIM1_CC_IRQHandler
                0x08003e18                PVD_IRQHandler
                0x08003e18                EXTI3_IRQHandler
                0x08003e18                EXTI0_IRQHandler
                0x08003e18                I2C2_EV_IRQHandler
                0x08003e18                ADC1_2_IRQHandler
                0x08003e18                TAMPER_IRQHandler
                0x08003e18                USART3_IRQHandler
                0x08003e18                RTC_IRQHandler
                0x08003e18                DMA1_Channel7_IRQHandler
                0x08003e18                CAN1_RX1_IRQHandler
                0x08003e18                TIM4_IRQHandler
                0x08003e18                I2C1_EV_IRQHandler
                0x08003e18                DMA1_Channel6_IRQHandler
                0x08003e18                TIM3_IRQHandler
                0x08003e18                RCC_IRQHandler
                0x08003e18                TIM1_TRG_COM_IRQHandler
                0x08003e18                DMA1_Channel1_IRQHandler
                0x08003e18                Default_Handler
                0x08003e18                EXTI15_10_IRQHandler
                0x08003e18                EXTI9_5_IRQHandler
                0x08003e18                EXTI4_IRQHandler
                0x08003e18                USB_LP_CAN1_RX0_IRQHandler
                0x08003e18                USB_HP_CAN1_TX_IRQHandler
                0x08003e18                WWDG_IRQHandler
                0x08003e18                TIM2_IRQHandler
                0x08003e18                TIM1_BRK_IRQHandler
                0x08003e18                EXTI1_IRQHandler
                0x08003e18                USART2_IRQHandler
                0x08003e18                I2C2_ER_IRQHandler
                0x08003e18                CAN1_SCE_IRQHandler
                0x08003e18                FLASH_IRQHandler
                0x08003e18                USART1_IRQHandler
                0x08003e18                I2C1_ER_IRQHandler
                0x08003e18                USBWakeUp_IRQHandler
 *fill*         0x08003e1a        0x2 
 .text.sensing_init
                0x08003e1c       0x2c CMakeFiles/heater_module.dir/Core/Src/sensing.c.obj
                0x08003e1c                sensing_init
 .text.max31865_read
                0x08003e48       0x40 CMakeFiles/heater_module.dir/Core/Src/sensing.c.obj
                0x08003e48                max31865_read
 .text.max31855_read
                0x08003e88       0x44 CMakeFiles/heater_module.dir/Core/Src/sensing.c.obj
                0x08003e88                max31855_read
 .text.HAL_SPI_TxRxCpltCallback
                0x08003ecc       0xe4 CMakeFiles/heater_module.dir/Core/Src/sensing.c.obj
                0x08003ecc                HAL_SPI_TxRxCpltCallback
 .text.process_max31865_data
                0x08003fb0       0xf8 CMakeFiles/heater_module.dir/Core/Src/sensing.c.obj
                0x08003fb0                process_max31865_data
 .text.process_max31855_data
                0x080040a8      0x1d8 CMakeFiles/heater_module.dir/Core/Src/sensing.c.obj
                0x080040a8                process_max31855_data
 .text.HAL_SPI_ErrorCallback
                0x08004280       0x54 CMakeFiles/heater_module.dir/Core/Src/sensing.c.obj
                0x08004280                HAL_SPI_ErrorCallback
 .text.max31865_ErrorCallback
                0x080042d4      0x140 CMakeFiles/heater_module.dir/Core/Src/sensing.c.obj
                0x080042d4                max31865_ErrorCallback
 .text.max31855_ErrorCallback
                0x08004414       0xe0 CMakeFiles/heater_module.dir/Core/Src/sensing.c.obj
                0x08004414                max31855_ErrorCallback
 .text.config_max31865
                0x080044f4       0x4c CMakeFiles/heater_module.dir/Core/Src/sensing.c.obj
 .text.LCD_EnablePulse
                0x08004540       0x2c CMakeFiles/heater_module.dir/Core/Src/lcd.c.obj
 .text.LCD_Send4Bit
                0x0800456c       0x74 CMakeFiles/heater_module.dir/Core/Src/lcd.c.obj
 .text.LCD_Command
                0x080045e0       0x3c CMakeFiles/heater_module.dir/Core/Src/lcd.c.obj
                0x080045e0                LCD_Command
 .text.LCD_Data
                0x0800461c       0x3c CMakeFiles/heater_module.dir/Core/Src/lcd.c.obj
                0x0800461c                LCD_Data
 .text.LCD_Init
                0x08004658       0x56 CMakeFiles/heater_module.dir/Core/Src/lcd.c.obj
                0x08004658                LCD_Init
 .text.LCD_Print
                0x080046ae       0x2a CMakeFiles/heater_module.dir/Core/Src/lcd.c.obj
                0x080046ae                LCD_Print
 .text.LCD_SetCursor
                0x080046d8       0x38 CMakeFiles/heater_module.dir/Core/Src/lcd.c.obj
                0x080046d8                LCD_SetCursor
 .text.LCD_Clear
                0x08004710       0x14 CMakeFiles/heater_module.dir/Core/Src/lcd.c.obj
                0x08004710                LCD_Clear
 .text.round    0x08004724       0x8c C:/Users/Taha/AppData/Local/stm32cube/bundles/gnu-tools-for-stm32/13.3.1+st.9/bin/../lib/gcc/arm-none-eabi/13.3.1/../../../../arm-none-eabi/lib/thumb/v7-m/nofp\libm.a(libm_a-s_round.o)
                0x08004724                round
 .text.__cvt    0x080047b0       0xc8 C:/Users/Taha/AppData/Local/stm32cube/bundles/gnu-tools-for-stm32/13.3.1+st.9/bin/../lib/gcc/arm-none-eabi/13.3.1/../../../../arm-none-eabi/lib/thumb/v7-m/nofp\libg_nano.a(libc_a-nano-vfprintf_float.o)
                0x080047b0                __cvt
 .text.__exponent
                0x08004878       0x74 C:/Users/Taha/AppData/Local/stm32cube/bundles/gnu-tools-for-stm32/13.3.1+st.9/bin/../lib/gcc/arm-none-eabi/13.3.1/../../../../arm-none-eabi/lib/thumb/v7-m/nofp\libg_nano.a(libc_a-nano-vfprintf_float.o)
                0x08004878                __exponent
 .text._printf_float
                0x080048ec      0x458 C:/Users/Taha/AppData/Local/stm32cube/bundles/gnu-tools-for-stm32/13.3.1+st.9/bin/../lib/gcc/arm-none-eabi/13.3.1/../../../../arm-none-eabi/lib/thumb/v7-m/nofp\libg_nano.a(libc_a-nano-vfprintf_float.o)
                0x080048ec                _printf_float
 .text._printf_common
                0x08004d44       0xe4 C:/Users/Taha/AppData/Local/stm32cube/bundles/gnu-tools-for-stm32/13.3.1+st.9/bin/../lib/gcc/arm-none-eabi/13.3.1/../../../../arm-none-eabi/lib/thumb/v7-m/nofp\libg_nano.a(libc_a-nano-vfprintf_i.o)
                0x08004d44                _printf_common
 .text._printf_i
                0x08004e28      0x23c C:/Users/Taha/AppData/Local/stm32cube/bundles/gnu-tools-for-stm32/13.3.1+st.9/bin/../lib/gcc/arm-none-eabi/13.3.1/../../../../arm-none-eabi/lib/thumb/v7-m/nofp\libg_nano.a(libc_a-nano-vfprintf_i.o)
                0x08004e28                _printf_i
 .text.std      0x08005064       0x6c C:/Users/Taha/AppData/Local/stm32cube/bundles/gnu-tools-for-stm32/13.3.1+st.9/bin/../lib/gcc/arm-none-eabi/13.3.1/../../../../arm-none-eabi/lib/thumb/v7-m/nofp\libg_nano.a(libc_a-findfp.o)
 .text.stdio_exit_handler
                0x080050d0       0x18 C:/Users/Taha/AppData/Local/stm32cube/bundles/gnu-tools-for-stm32/13.3.1+st.9/bin/../lib/gcc/arm-none-eabi/13.3.1/../../../../arm-none-eabi/lib/thumb/v7-m/nofp\libg_nano.a(libc_a-findfp.o)
 .text.cleanup_stdio
                0x080050e8       0x40 C:/Users/Taha/AppData/Local/stm32cube/bundles/gnu-tools-for-stm32/13.3.1+st.9/bin/../lib/gcc/arm-none-eabi/13.3.1/../../../../arm-none-eabi/lib/thumb/v7-m/nofp\libg_nano.a(libc_a-findfp.o)
 .text.global_stdio_init.part.0
                0x08005128       0x3c C:/Users/Taha/AppData/Local/stm32cube/bundles/gnu-tools-for-stm32/13.3.1+st.9/bin/../lib/gcc/arm-none-eabi/13.3.1/../../../../arm-none-eabi/lib/thumb/v7-m/nofp\libg_nano.a(libc_a-findfp.o)
 .text.__sfp_lock_acquire
                0x08005164        0xc C:/Users/Taha/AppData/Local/stm32cube/bundles/gnu-tools-for-stm32/13.3.1+st.9/bin/../lib/gcc/arm-none-eabi/13.3.1/../../../../arm-none-eabi/lib/thumb/v7-m/nofp\libg_nano.a(libc_a-findfp.o)
                0x08005164                __sfp_lock_acquire
 .text.__sfp_lock_release
                0x08005170        0xc C:/Users/Taha/AppData/Local/stm32cube/bundles/gnu-tools-for-stm32/13.3.1+st.9/bin/../lib/gcc/arm-none-eabi/13.3.1/../../../../arm-none-eabi/lib/thumb/v7-m/nofp\libg_nano.a(libc_a-findfp.o)
                0x08005170                __sfp_lock_release
 .text.__sinit  0x0800517c       0x30 C:/Users/Taha/AppData/Local/stm32cube/bundles/gnu-tools-for-stm32/13.3.1+st.9/bin/../lib/gcc/arm-none-eabi/13.3.1/../../../../arm-none-eabi/lib/thumb/v7-m/nofp\libg_nano.a(libc_a-findfp.o)
                0x0800517c                __sinit
 .text._fwalk_sglue
                0x080051ac       0x3c C:/Users/Taha/AppData/Local/stm32cube/bundles/gnu-tools-for-stm32/13.3.1+st.9/bin/../lib/gcc/arm-none-eabi/13.3.1/../../../../arm-none-eabi/lib/thumb/v7-m/nofp\libg_nano.a(libc_a-fwalk.o)
                0x080051ac                _fwalk_sglue
 .text.sprintf  0x080051e8       0x44 C:/Users/Taha/AppData/Local/stm32cube/bundles/gnu-tools-for-stm32/13.3.1+st.9/bin/../lib/gcc/arm-none-eabi/13.3.1/../../../../arm-none-eabi/lib/thumb/v7-m/nofp\libg_nano.a(libc_a-sprintf.o)
                0x080051e8                siprintf
                0x080051e8                sprintf
 .text.__sread  0x0800522c       0x22 C:/Users/Taha/AppData/Local/stm32cube/bundles/gnu-tools-for-stm32/13.3.1+st.9/bin/../lib/gcc/arm-none-eabi/13.3.1/../../../../arm-none-eabi/lib/thumb/v7-m/nofp\libg_nano.a(libc_a-stdio.o)
                0x0800522c                __sread
 .text.__swrite
                0x0800524e       0x38 C:/Users/Taha/AppData/Local/stm32cube/bundles/gnu-tools-for-stm32/13.3.1+st.9/bin/../lib/gcc/arm-none-eabi/13.3.1/../../../../arm-none-eabi/lib/thumb/v7-m/nofp\libg_nano.a(libc_a-stdio.o)
                0x0800524e                __swrite
 .text.__sseek  0x08005286       0x24 C:/Users/Taha/AppData/Local/stm32cube/bundles/gnu-tools-for-stm32/13.3.1+st.9/bin/../lib/gcc/arm-none-eabi/13.3.1/../../../../arm-none-eabi/lib/thumb/v7-m/nofp\libg_nano.a(libc_a-stdio.o)
                0x08005286                __sseek
 .text.__sclose
                0x080052aa        0x8 C:/Users/Taha/AppData/Local/stm32cube/bundles/gnu-tools-for-stm32/13.3.1+st.9/bin/../lib/gcc/arm-none-eabi/13.3.1/../../../../arm-none-eabi/lib/thumb/v7-m/nofp\libg_nano.a(libc_a-stdio.o)
                0x080052aa                __sclose
 .text.memset   0x080052b2       0x10 C:/Users/Taha/AppData/Local/stm32cube/bundles/gnu-tools-for-stm32/13.3.1+st.9/bin/../lib/gcc/arm-none-eabi/13.3.1/../../../../arm-none-eabi/lib/thumb/v7-m/nofp\libg_nano.a(libc_a-memset.o)
                0x080052b2                memset
 *fill*         0x080052c2        0x2 
 .text._localeconv_r
                0x080052c4        0x8 C:/Users/Taha/AppData/Local/stm32cube/bundles/gnu-tools-for-stm32/13.3.1+st.9/bin/../lib/gcc/arm-none-eabi/13.3.1/../../../../arm-none-eabi/lib/thumb/v7-m/nofp\libg_nano.a(libc_a-localeconv.o)
                0x080052c4                _localeconv_r
 .text._close_r
                0x080052cc       0x20 C:/Users/Taha/AppData/Local/stm32cube/bundles/gnu-tools-for-stm32/13.3.1+st.9/bin/../lib/gcc/arm-none-eabi/13.3.1/../../../../arm-none-eabi/lib/thumb/v7-m/nofp\libg_nano.a(libc_a-closer.o)
                0x080052cc                _close_r
 .text._lseek_r
                0x080052ec       0x24 C:/Users/Taha/AppData/Local/stm32cube/bundles/gnu-tools-for-stm32/13.3.1+st.9/bin/../lib/gcc/arm-none-eabi/13.3.1/../../../../arm-none-eabi/lib/thumb/v7-m/nofp\libg_nano.a(libc_a-lseekr.o)
                0x080052ec                _lseek_r
 .text._read_r  0x08005310       0x24 C:/Users/Taha/AppData/Local/stm32cube/bundles/gnu-tools-for-stm32/13.3.1+st.9/bin/../lib/gcc/arm-none-eabi/13.3.1/../../../../arm-none-eabi/lib/thumb/v7-m/nofp\libg_nano.a(libc_a-readr.o)
                0x08005310                _read_r
 .text._write_r
                0x08005334       0x24 C:/Users/Taha/AppData/Local/stm32cube/bundles/gnu-tools-for-stm32/13.3.1+st.9/bin/../lib/gcc/arm-none-eabi/13.3.1/../../../../arm-none-eabi/lib/thumb/v7-m/nofp\libg_nano.a(libc_a-writer.o)
                0x08005334                _write_r
 .text.__errno  0x08005358        0xc C:/Users/Taha/AppData/Local/stm32cube/bundles/gnu-tools-for-stm32/13.3.1+st.9/bin/../lib/gcc/arm-none-eabi/13.3.1/../../../../arm-none-eabi/lib/thumb/v7-m/nofp\libg_nano.a(libc_a-errno.o)
                0x08005358                __errno
 .text.__libc_init_array
                0x08005364       0x48 C:/Users/Taha/AppData/Local/stm32cube/bundles/gnu-tools-for-stm32/13.3.1+st.9/bin/../lib/gcc/arm-none-eabi/13.3.1/../../../../arm-none-eabi/lib/thumb/v7-m/nofp\libg_nano.a(libc_a-init.o)
                0x08005364                __libc_init_array
 .text.__retarget_lock_init_recursive
                0x080053ac        0x2 C:/Users/Taha/AppData/Local/stm32cube/bundles/gnu-tools-for-stm32/13.3.1+st.9/bin/../lib/gcc/arm-none-eabi/13.3.1/../../../../arm-none-eabi/lib/thumb/v7-m/nofp\libg_nano.a(libc_a-lock.o)
                0x080053ac                __retarget_lock_init_recursive
 .text.__retarget_lock_acquire_recursive
                0x080053ae        0x2 C:/Users/Taha/AppData/Local/stm32cube/bundles/gnu-tools-for-stm32/13.3.1+st.9/bin/../lib/gcc/arm-none-eabi/13.3.1/../../../../arm-none-eabi/lib/thumb/v7-m/nofp\libg_nano.a(libc_a-lock.o)
                0x080053ae                __retarget_lock_acquire_recursive
 .text.__retarget_lock_release_recursive
                0x080053b0        0x2 C:/Users/Taha/AppData/Local/stm32cube/bundles/gnu-tools-for-stm32/13.3.1+st.9/bin/../lib/gcc/arm-none-eabi/13.3.1/../../../../arm-none-eabi/lib/thumb/v7-m/nofp\libg_nano.a(libc_a-lock.o)
                0x080053b0                __retarget_lock_release_recursive
 .text.memchr   0x080053b2       0x1c C:/Users/Taha/AppData/Local/stm32cube/bundles/gnu-tools-for-stm32/13.3.1+st.9/bin/../lib/gcc/arm-none-eabi/13.3.1/../../../../arm-none-eabi/lib/thumb/v7-m/nofp\libg_nano.a(libc_a-memchr-stub.o)
                0x080053b2                memchr
 .text.quorem   0x080053ce      0x110 C:/Users/Taha/AppData/Local/stm32cube/bundles/gnu-tools-for-stm32/13.3.1+st.9/bin/../lib/gcc/arm-none-eabi/13.3.1/../../../../arm-none-eabi/lib/thumb/v7-m/nofp\libg_nano.a(libc_a-dtoa.o)
 *fill*         0x080054de        0x2 
 .text._dtoa_r  0x080054e0      0xba8 C:/Users/Taha/AppData/Local/stm32cube/bundles/gnu-tools-for-stm32/13.3.1+st.9/bin/../lib/gcc/arm-none-eabi/13.3.1/../../../../arm-none-eabi/lib/thumb/v7-m/nofp\libg_nano.a(libc_a-dtoa.o)
                0x080054e0                _dtoa_r
 .text._free_r  0x08006088       0x90 C:/Users/Taha/AppData/Local/stm32cube/bundles/gnu-tools-for-stm32/13.3.1+st.9/bin/../lib/gcc/arm-none-eabi/13.3.1/../../../../arm-none-eabi/lib/thumb/v7-m/nofp\libg_nano.a(libc_a-freer.o)
                0x08006088                _free_r
 .text.malloc   0x08006118       0x10 C:/Users/Taha/AppData/Local/stm32cube/bundles/gnu-tools-for-stm32/13.3.1+st.9/bin/../lib/gcc/arm-none-eabi/13.3.1/../../../../arm-none-eabi/lib/thumb/v7-m/nofp\libg_nano.a(libc_a-malloc.o)
                0x08006118                malloc
 .text.sbrk_aligned
                0x08006128       0x44 C:/Users/Taha/AppData/Local/stm32cube/bundles/gnu-tools-for-stm32/13.3.1+st.9/bin/../lib/gcc/arm-none-eabi/13.3.1/../../../../arm-none-eabi/lib/thumb/v7-m/nofp\libg_nano.a(libc_a-mallocr.o)
 .text._malloc_r
                0x0800616c      0x100 C:/Users/Taha/AppData/Local/stm32cube/bundles/gnu-tools-for-stm32/13.3.1+st.9/bin/../lib/gcc/arm-none-eabi/13.3.1/../../../../arm-none-eabi/lib/thumb/v7-m/nofp\libg_nano.a(libc_a-mallocr.o)
                0x0800616c                _malloc_r
 .text.__malloc_lock
                0x0800626c        0xc C:/Users/Taha/AppData/Local/stm32cube/bundles/gnu-tools-for-stm32/13.3.1+st.9/bin/../lib/gcc/arm-none-eabi/13.3.1/../../../../arm-none-eabi/lib/thumb/v7-m/nofp\libg_nano.a(libc_a-mlock.o)
                0x0800626c                __malloc_lock
 .text.__malloc_unlock
                0x08006278        0xc C:/Users/Taha/AppData/Local/stm32cube/bundles/gnu-tools-for-stm32/13.3.1+st.9/bin/../lib/gcc/arm-none-eabi/13.3.1/../../../../arm-none-eabi/lib/thumb/v7-m/nofp\libg_nano.a(libc_a-mlock.o)
                0x08006278                __malloc_unlock
 .text._Balloc  0x08006284       0x80 C:/Users/Taha/AppData/Local/stm32cube/bundles/gnu-tools-for-stm32/13.3.1+st.9/bin/../lib/gcc/arm-none-eabi/13.3.1/../../../../arm-none-eabi/lib/thumb/v7-m/nofp\libg_nano.a(libc_a-mprec.o)
                0x08006284                _Balloc
 .text._Bfree   0x08006304       0x44 C:/Users/Taha/AppData/Local/stm32cube/bundles/gnu-tools-for-stm32/13.3.1+st.9/bin/../lib/gcc/arm-none-eabi/13.3.1/../../../../arm-none-eabi/lib/thumb/v7-m/nofp\libg_nano.a(libc_a-mprec.o)
                0x08006304                _Bfree
 .text.__multadd
                0x08006348       0x8c C:/Users/Taha/AppData/Local/stm32cube/bundles/gnu-tools-for-stm32/13.3.1+st.9/bin/../lib/gcc/arm-none-eabi/13.3.1/../../../../arm-none-eabi/lib/thumb/v7-m/nofp\libg_nano.a(libc_a-mprec.o)
                0x08006348                __multadd
 .text.__hi0bits
                0x080063d4       0x3e C:/Users/Taha/AppData/Local/stm32cube/bundles/gnu-tools-for-stm32/13.3.1+st.9/bin/../lib/gcc/arm-none-eabi/13.3.1/../../../../arm-none-eabi/lib/thumb/v7-m/nofp\libg_nano.a(libc_a-mprec.o)
                0x080063d4                __hi0bits
 .text.__lo0bits
                0x08006412       0x5a C:/Users/Taha/AppData/Local/stm32cube/bundles/gnu-tools-for-stm32/13.3.1+st.9/bin/../lib/gcc/arm-none-eabi/13.3.1/../../../../arm-none-eabi/lib/thumb/v7-m/nofp\libg_nano.a(libc_a-mprec.o)
                0x08006412                __lo0bits
 .text.__i2b    0x0800646c       0x2c C:/Users/Taha/AppData/Local/stm32cube/bundles/gnu-tools-for-stm32/13.3.1+st.9/bin/../lib/gcc/arm-none-eabi/13.3.1/../../../../arm-none-eabi/lib/thumb/v7-m/nofp\libg_nano.a(libc_a-mprec.o)
                0x0800646c                __i2b
 .text.__multiply
                0x08006498      0x144 C:/Users/Taha/AppData/Local/stm32cube/bundles/gnu-tools-for-stm32/13.3.1+st.9/bin/../lib/gcc/arm-none-eabi/13.3.1/../../../../arm-none-eabi/lib/thumb/v7-m/nofp\libg_nano.a(libc_a-mprec.o)
                0x08006498                __multiply
 .text.__pow5mult
                0x080065dc       0xb4 C:/Users/Taha/AppData/Local/stm32cube/bundles/gnu-tools-for-stm32/13.3.1+st.9/bin/../lib/gcc/arm-none-eabi/13.3.1/../../../../arm-none-eabi/lib/thumb/v7-m/nofp\libg_nano.a(libc_a-mprec.o)
                0x080065dc                __pow5mult
 .text.__lshift
                0x08006690       0xd8 C:/Users/Taha/AppData/Local/stm32cube/bundles/gnu-tools-for-stm32/13.3.1+st.9/bin/../lib/gcc/arm-none-eabi/13.3.1/../../../../arm-none-eabi/lib/thumb/v7-m/nofp\libg_nano.a(libc_a-mprec.o)
                0x08006690                __lshift
 .text.__mcmp   0x08006768       0x36 C:/Users/Taha/AppData/Local/stm32cube/bundles/gnu-tools-for-stm32/13.3.1+st.9/bin/../lib/gcc/arm-none-eabi/13.3.1/../../../../arm-none-eabi/lib/thumb/v7-m/nofp\libg_nano.a(libc_a-mprec.o)
                0x08006768                __mcmp
 *fill*         0x0800679e        0x2 
 .text.__mdiff  0x080067a0      0x128 C:/Users/Taha/AppData/Local/stm32cube/bundles/gnu-tools-for-stm32/13.3.1+st.9/bin/../lib/gcc/arm-none-eabi/13.3.1/../../../../arm-none-eabi/lib/thumb/v7-m/nofp\libg_nano.a(libc_a-mprec.o)
                0x080067a0                __mdiff
 .text.__d2b    0x080068c8       0xb0 C:/Users/Taha/AppData/Local/stm32cube/bundles/gnu-tools-for-stm32/13.3.1+st.9/bin/../lib/gcc/arm-none-eabi/13.3.1/../../../../arm-none-eabi/lib/thumb/v7-m/nofp\libg_nano.a(libc_a-mprec.o)
                0x080068c8                __d2b
 .text.__ssputs_r
                0x08006978       0xb6 C:/Users/Taha/AppData/Local/stm32cube/bundles/gnu-tools-for-stm32/13.3.1+st.9/bin/../lib/gcc/arm-none-eabi/13.3.1/../../../../arm-none-eabi/lib/thumb/v7-m/nofp\libg_nano.a(libc_a-nano-svfprintf.o)
                0x08006978                __ssputs_r
 *fill*         0x08006a2e        0x2 
 .text._svfprintf_r
                0x08006a30      0x1f8 C:/Users/Taha/AppData/Local/stm32cube/bundles/gnu-tools-for-stm32/13.3.1+st.9/bin/../lib/gcc/arm-none-eabi/13.3.1/../../../../arm-none-eabi/lib/thumb/v7-m/nofp\libg_nano.a(libc_a-nano-svfprintf.o)
                0x08006a30                _svfiprintf_r
                0x08006a30                _svfprintf_r
 .text.__sflush_r
                0x08006c28      0x100 C:/Users/Taha/AppData/Local/stm32cube/bundles/gnu-tools-for-stm32/13.3.1+st.9/bin/../lib/gcc/arm-none-eabi/13.3.1/../../../../arm-none-eabi/lib/thumb/v7-m/nofp\libg_nano.a(libc_a-fflush.o)
                0x08006c28                __sflush_r
 .text._fflush_r
                0x08006d28       0x50 C:/Users/Taha/AppData/Local/stm32cube/bundles/gnu-tools-for-stm32/13.3.1+st.9/bin/../lib/gcc/arm-none-eabi/13.3.1/../../../../arm-none-eabi/lib/thumb/v7-m/nofp\libg_nano.a(libc_a-fflush.o)
                0x08006d28                _fflush_r
 .text.memmove  0x08006d78       0x34 C:/Users/Taha/AppData/Local/stm32cube/bundles/gnu-tools-for-stm32/13.3.1+st.9/bin/../lib/gcc/arm-none-eabi/13.3.1/../../../../arm-none-eabi/lib/thumb/v7-m/nofp\libg_nano.a(libc_a-memmove.o)
                0x08006d78                memmove
 .text._sbrk_r  0x08006dac       0x20 C:/Users/Taha/AppData/Local/stm32cube/bundles/gnu-tools-for-stm32/13.3.1+st.9/bin/../lib/gcc/arm-none-eabi/13.3.1/../../../../arm-none-eabi/lib/thumb/v7-m/nofp\libg_nano.a(libc_a-sbrkr.o)
                0x08006dac                _sbrk_r
 .text.memcpy   0x08006dcc       0x1c C:/Users/Taha/AppData/Local/stm32cube/bundles/gnu-tools-for-stm32/13.3.1+st.9/bin/../lib/gcc/arm-none-eabi/13.3.1/../../../../arm-none-eabi/lib/thumb/v7-m/nofp\libg_nano.a(libc_a-memcpy-stub.o)
                0x08006dcc                memcpy
 .text.__assert_func
                0x08006de8       0x3c C:/Users/Taha/AppData/Local/stm32cube/bundles/gnu-tools-for-stm32/13.3.1+st.9/bin/../lib/gcc/arm-none-eabi/13.3.1/../../../../arm-none-eabi/lib/thumb/v7-m/nofp\libg_nano.a(libc_a-assert.o)
                0x08006de8                __assert_func
 .text._calloc_r
                0x08006e24       0x28 C:/Users/Taha/AppData/Local/stm32cube/bundles/gnu-tools-for-stm32/13.3.1+st.9/bin/../lib/gcc/arm-none-eabi/13.3.1/../../../../arm-none-eabi/lib/thumb/v7-m/nofp\libg_nano.a(libc_a-callocr.o)
                0x08006e24                _calloc_r
 .text.__ascii_mbtowc
                0x08006e4c       0x24 C:/Users/Taha/AppData/Local/stm32cube/bundles/gnu-tools-for-stm32/13.3.1+st.9/bin/../lib/gcc/arm-none-eabi/13.3.1/../../../../arm-none-eabi/lib/thumb/v7-m/nofp\libg_nano.a(libc_a-mbtowc_r.o)
                0x08006e4c                __ascii_mbtowc
 .text._realloc_r
                0x08006e70       0x5c C:/Users/Taha/AppData/Local/stm32cube/bundles/gnu-tools-for-stm32/13.3.1+st.9/bin/../lib/gcc/arm-none-eabi/13.3.1/../../../../arm-none-eabi/lib/thumb/v7-m/nofp\libg_nano.a(libc_a-reallocr.o)
                0x08006e70                _realloc_r
 .text.__ascii_wctomb
                0x08006ecc       0x1a C:/Users/Taha/AppData/Local/stm32cube/bundles/gnu-tools-for-stm32/13.3.1+st.9/bin/../lib/gcc/arm-none-eabi/13.3.1/../../../../arm-none-eabi/lib/thumb/v7-m/nofp\libg_nano.a(libc_a-wctomb_r.o)
                0x08006ecc                __ascii_wctomb
 *fill*         0x08006ee6        0x2 
 .text.fprintf  0x08006ee8       0x24 C:/Users/Taha/AppData/Local/stm32cube/bundles/gnu-tools-for-stm32/13.3.1+st.9/bin/../lib/gcc/arm-none-eabi/13.3.1/../../../../arm-none-eabi/lib/thumb/v7-m/nofp\libg_nano.a(libc_a-fprintf.o)
                0x08006ee8                fiprintf
                0x08006ee8                fprintf
 .text.abort    0x08006f0c        0xe C:/Users/Taha/AppData/Local/stm32cube/bundles/gnu-tools-for-stm32/13.3.1+st.9/bin/../lib/gcc/arm-none-eabi/13.3.1/../../../../arm-none-eabi/lib/thumb/v7-m/nofp\libg_nano.a(libc_a-abort.o)
                0x08006f0c                abort
 .text._malloc_usable_size_r
                0x08006f1a       0x10 C:/Users/Taha/AppData/Local/stm32cube/bundles/gnu-tools-for-stm32/13.3.1+st.9/bin/../lib/gcc/arm-none-eabi/13.3.1/../../../../arm-none-eabi/lib/thumb/v7-m/nofp\libg_nano.a(libc_a-msizer.o)
                0x08006f1a                _malloc_usable_size_r
 .text.__sfputc_r
                0x08006f2a       0x2a C:/Users/Taha/AppData/Local/stm32cube/bundles/gnu-tools-for-stm32/13.3.1+st.9/bin/../lib/gcc/arm-none-eabi/13.3.1/../../../../arm-none-eabi/lib/thumb/v7-m/nofp\libg_nano.a(libc_a-nano-vfprintf.o)
 .text.__sfputs_r
                0x08006f54       0x24 C:/Users/Taha/AppData/Local/stm32cube/bundles/gnu-tools-for-stm32/13.3.1+st.9/bin/../lib/gcc/arm-none-eabi/13.3.1/../../../../arm-none-eabi/lib/thumb/v7-m/nofp\libg_nano.a(libc_a-nano-vfprintf.o)
                0x08006f54                __sfputs_r
 .text._vfprintf_r
                0x08006f78      0x230 C:/Users/Taha/AppData/Local/stm32cube/bundles/gnu-tools-for-stm32/13.3.1+st.9/bin/../lib/gcc/arm-none-eabi/13.3.1/../../../../arm-none-eabi/lib/thumb/v7-m/nofp\libg_nano.a(libc_a-nano-vfprintf.o)
                0x08006f78                _vfprintf_r
                0x08006f78                _vfiprintf_r
 .text.__swbuf_r
                0x080071a8       0x7c C:/Users/Taha/AppData/Local/stm32cube/bundles/gnu-tools-for-stm32/13.3.1+st.9/bin/../lib/gcc/arm-none-eabi/13.3.1/../../../../arm-none-eabi/lib/thumb/v7-m/nofp\libg_nano.a(libc_a-wbuf.o)
                0x080071a8                __swbuf_r
 .text.__swsetup_r
                0x08007224       0xac C:/Users/Taha/AppData/Local/stm32cube/bundles/gnu-tools-for-stm32/13.3.1+st.9/bin/../lib/gcc/arm-none-eabi/13.3.1/../../../../arm-none-eabi/lib/thumb/v7-m/nofp\libg_nano.a(libc_a-wsetup.o)
                0x08007224                __swsetup_r
 .text._raise_r
                0x080072d0       0x50 C:/Users/Taha/AppData/Local/stm32cube/bundles/gnu-tools-for-stm32/13.3.1+st.9/bin/../lib/gcc/arm-none-eabi/13.3.1/../../../../arm-none-eabi/lib/thumb/v7-m/nofp\libg_nano.a(libc_a-signal.o)
                0x080072d0                _raise_r
 .text.raise    0x08007320       0x10 C:/Users/Taha/AppData/Local/stm32cube/bundles/gnu-tools-for-stm32/13.3.1+st.9/bin/../lib/gcc/arm-none-eabi/13.3.1/../../../../arm-none-eabi/lib/thumb/v7-m/nofp\libg_nano.a(libc_a-signal.o)
                0x08007320                raise
 .text._kill_r  0x08007330       0x24 C:/Users/Taha/AppData/Local/stm32cube/bundles/gnu-tools-for-stm32/13.3.1+st.9/bin/../lib/gcc/arm-none-eabi/13.3.1/../../../../arm-none-eabi/lib/thumb/v7-m/nofp\libg_nano.a(libc_a-signalr.o)
                0x08007330                _kill_r
 .text._getpid_r
                0x08007354        0x4 C:/Users/Taha/AppData/Local/stm32cube/bundles/gnu-tools-for-stm32/13.3.1+st.9/bin/../lib/gcc/arm-none-eabi/13.3.1/../../../../arm-none-eabi/lib/thumb/v7-m/nofp\libg_nano.a(libc_a-signalr.o)
                0x08007354                _getpid_r
 .text.__swhatbuf_r
                0x08007358       0x4a C:/Users/Taha/AppData/Local/stm32cube/bundles/gnu-tools-for-stm32/13.3.1+st.9/bin/../lib/gcc/arm-none-eabi/13.3.1/../../../../arm-none-eabi/lib/thumb/v7-m/nofp\libg_nano.a(libc_a-makebuf.o)
                0x08007358                __swhatbuf_r
 .text.__smakebuf_r
                0x080073a2       0x78 C:/Users/Taha/AppData/Local/stm32cube/bundles/gnu-tools-for-stm32/13.3.1+st.9/bin/../lib/gcc/arm-none-eabi/13.3.1/../../../../arm-none-eabi/lib/thumb/v7-m/nofp\libg_nano.a(libc_a-makebuf.o)
                0x080073a2                __smakebuf_r
 *fill*         0x0800741a        0x2 
 .text._fstat_r
                0x0800741c       0x24 C:/Users/Taha/AppData/Local/stm32cube/bundles/gnu-tools-for-stm32/13.3.1+st.9/bin/../lib/gcc/arm-none-eabi/13.3.1/../../../../arm-none-eabi/lib/thumb/v7-m/nofp\libg_nano.a(libc_a-fstatr.o)
                0x0800741c                _fstat_r
 .text._isatty_r
                0x08007440       0x20 C:/Users/Taha/AppData/Local/stm32cube/bundles/gnu-tools-for-stm32/13.3.1+st.9/bin/../lib/gcc/arm-none-eabi/13.3.1/../../../../arm-none-eabi/lib/thumb/v7-m/nofp\libg_nano.a(libc_a-isattyr.o)
                0x08007440                _isatty_r
 *(.glue_7)
 .glue_7        0x08007460        0x0 linker stubs
 *(.glue_7t)
 .glue_7t       0x08007460        0x0 linker stubs
 *(.eh_frame)
 .eh_frame      0x08007460        0x0 C:/Users/Taha/AppData/Local/stm32cube/bundles/gnu-tools-for-stm32/13.3.1+st.9/bin/../lib/gcc/arm-none-eabi/13.3.1/thumb/v7-m/nofp/crtbegin.o
 *(.init)
 .init          0x08007460        0x4 C:/Users/Taha/AppData/Local/stm32cube/bundles/gnu-tools-for-stm32/13.3.1+st.9/bin/../lib/gcc/arm-none-eabi/13.3.1/thumb/v7-m/nofp/crti.o
                0x08007460                _init
 .init          0x08007464        0x8 C:/Users/Taha/AppData/Local/stm32cube/bundles/gnu-tools-for-stm32/13.3.1+st.9/bin/../lib/gcc/arm-none-eabi/13.3.1/thumb/v7-m/nofp/crtn.o
 *(.fini)
 .fini          0x0800746c        0x4 C:/Users/Taha/AppData/Local/stm32cube/bundles/gnu-tools-for-stm32/13.3.1+st.9/bin/../lib/gcc/arm-none-eabi/13.3.1/thumb/v7-m/nofp/crti.o
                0x0800746c                _fini
 .fini          0x08007470        0x8 C:/Users/Taha/AppData/Local/stm32cube/bundles/gnu-tools-for-stm32/13.3.1+st.9/bin/../lib/gcc/arm-none-eabi/13.3.1/thumb/v7-m/nofp/crtn.o
                0x08007478                        . = ALIGN (0x4)
                0x08007478                        _etext = .

.vfp11_veneer   0x08007478        0x0
 .vfp11_veneer  0x08007478        0x0 linker stubs

.v4_bx          0x08007478        0x0
 .v4_bx         0x08007478        0x0 linker stubs

.iplt           0x08007478        0x0
 .iplt          0x08007478        0x0 C:/Users/Taha/AppData/Local/stm32cube/bundles/gnu-tools-for-stm32/13.3.1+st.9/bin/../lib/gcc/arm-none-eabi/13.3.1/thumb/v7-m/nofp/crtbegin.o

.rodata         0x08007478      0x3bc
                0x08007478                        . = ALIGN (0x4)
 *(.rodata)
 .rodata        0x08007478       0x21 CMakeFiles/heater_module.dir/Core/Src/sensing.c.obj
 *(.rodata*)
 *fill*         0x08007499        0x3 
 .rodata.AHBPrescTable
                0x0800749c       0x10 cmake/stm32cubemx/CMakeFiles/STM32_Drivers.dir/__/__/Core/Src/system_stm32f1xx.c.obj
                0x0800749c                AHBPrescTable
 .rodata.aPLLMULFactorTable.1
                0x080074ac       0x10 cmake/stm32cubemx/CMakeFiles/STM32_Drivers.dir/__/__/Drivers/STM32F1xx_HAL_Driver/Src/stm32f1xx_hal_rcc.c.obj
 .rodata.aPredivFactorTable.0
                0x080074bc        0x2 cmake/stm32cubemx/CMakeFiles/STM32_Drivers.dir/__/__/Drivers/STM32F1xx_HAL_Driver/Src/stm32f1xx_hal_rcc.c.obj
 .rodata._printf_float.str1.1
                0x080074be      0x171 C:/Users/Taha/AppData/Local/stm32cube/bundles/gnu-tools-for-stm32/13.3.1+st.9/bin/../lib/gcc/arm-none-eabi/13.3.1/../../../../arm-none-eabi/lib/thumb/v7-m/nofp\libg_nano.a(libc_a-nano-vfprintf_float.o)
                                 0x12 (size before relaxing)
 .rodata._printf_i.str1.1
                0x0800762f        0x0 C:/Users/Taha/AppData/Local/stm32cube/bundles/gnu-tools-for-stm32/13.3.1+st.9/bin/../lib/gcc/arm-none-eabi/13.3.1/../../../../arm-none-eabi/lib/thumb/v7-m/nofp\libg_nano.a(libc_a-nano-vfprintf_i.o)
                                 0x22 (size before relaxing)
 .rodata._dtoa_r.str1.1
                0x0800762f        0x0 C:/Users/Taha/AppData/Local/stm32cube/bundles/gnu-tools-for-stm32/13.3.1+st.9/bin/../lib/gcc/arm-none-eabi/13.3.1/../../../../arm-none-eabi/lib/thumb/v7-m/nofp\libg_nano.a(libc_a-dtoa.o)
                                 0x8f (size before relaxing)
 .rodata._Balloc.str1.1
                0x0800762f        0x0 C:/Users/Taha/AppData/Local/stm32cube/bundles/gnu-tools-for-stm32/13.3.1+st.9/bin/../lib/gcc/arm-none-eabi/13.3.1/../../../../arm-none-eabi/lib/thumb/v7-m/nofp\libg_nano.a(libc_a-mprec.o)
                                 0x70 (size before relaxing)
 .rodata.__multadd.str1.1
                0x0800762f        0x0 C:/Users/Taha/AppData/Local/stm32cube/bundles/gnu-tools-for-stm32/13.3.1+st.9/bin/../lib/gcc/arm-none-eabi/13.3.1/../../../../arm-none-eabi/lib/thumb/v7-m/nofp\libg_nano.a(libc_a-mprec.o)
                                 0x11 (size before relaxing)
 *fill*         0x0800762f        0x1 
 .rodata.p05.0  0x08007630        0xc C:/Users/Taha/AppData/Local/stm32cube/bundles/gnu-tools-for-stm32/13.3.1+st.9/bin/../lib/gcc/arm-none-eabi/13.3.1/../../../../arm-none-eabi/lib/thumb/v7-m/nofp\libg_nano.a(libc_a-mprec.o)
 *fill*         0x0800763c        0x4 
 .rodata.__mprec_bigtens
                0x08007640       0x28 C:/Users/Taha/AppData/Local/stm32cube/bundles/gnu-tools-for-stm32/13.3.1+st.9/bin/../lib/gcc/arm-none-eabi/13.3.1/../../../../arm-none-eabi/lib/thumb/v7-m/nofp\libg_nano.a(libc_a-mprec.o)
                0x08007640                __mprec_bigtens
 .rodata.__mprec_tens
                0x08007668       0xc8 C:/Users/Taha/AppData/Local/stm32cube/bundles/gnu-tools-for-stm32/13.3.1+st.9/bin/../lib/gcc/arm-none-eabi/13.3.1/../../../../arm-none-eabi/lib/thumb/v7-m/nofp\libg_nano.a(libc_a-mprec.o)
                0x08007668                __mprec_tens
 .rodata._svfprintf_r.str1.1
                0x08007730        0x0 C:/Users/Taha/AppData/Local/stm32cube/bundles/gnu-tools-for-stm32/13.3.1+st.9/bin/../lib/gcc/arm-none-eabi/13.3.1/../../../../arm-none-eabi/lib/thumb/v7-m/nofp\libg_nano.a(libc_a-nano-svfprintf.o)
                                 0x11 (size before relaxing)
 .rodata._setlocale_r.str1.1
                0x08007730        0x0 C:/Users/Taha/AppData/Local/stm32cube/bundles/gnu-tools-for-stm32/13.3.1+st.9/bin/../lib/gcc/arm-none-eabi/13.3.1/../../../../arm-none-eabi/lib/thumb/v7-m/nofp\libg_nano.a(libc_a-locale.o)
                                  0x9 (size before relaxing)
 .rodata.str1.1
                0x08007730        0x0 C:/Users/Taha/AppData/Local/stm32cube/bundles/gnu-tools-for-stm32/13.3.1+st.9/bin/../lib/gcc/arm-none-eabi/13.3.1/../../../../arm-none-eabi/lib/thumb/v7-m/nofp\libg_nano.a(libc_a-locale.o)
                                  0x2 (size before relaxing)
 .rodata.__assert_func.str1.1
                0x08007730        0x0 C:/Users/Taha/AppData/Local/stm32cube/bundles/gnu-tools-for-stm32/13.3.1+st.9/bin/../lib/gcc/arm-none-eabi/13.3.1/../../../../arm-none-eabi/lib/thumb/v7-m/nofp\libg_nano.a(libc_a-assert.o)
                                 0x3d (size before relaxing)
 .rodata._ctype_
                0x08007730      0x101 C:/Users/Taha/AppData/Local/stm32cube/bundles/gnu-tools-for-stm32/13.3.1+st.9/bin/../lib/gcc/arm-none-eabi/13.3.1/../../../../arm-none-eabi/lib/thumb/v7-m/nofp\libg_nano.a(libc_a-ctype_.o)
                0x08007730                _ctype_
 .rodata._vfprintf_r.str1.1
                0x08007831        0x0 C:/Users/Taha/AppData/Local/stm32cube/bundles/gnu-tools-for-stm32/13.3.1+st.9/bin/../lib/gcc/arm-none-eabi/13.3.1/../../../../arm-none-eabi/lib/thumb/v7-m/nofp\libg_nano.a(libc_a-nano-vfprintf.o)
                                 0x11 (size before relaxing)
                0x08007834                        . = ALIGN (0x4)
 *fill*         0x08007831        0x3 

.ARM.extab      0x08007834        0x0
                0x08007834                        . = ALIGN (0x4)
 *(.ARM.extab* .gnu.linkonce.armextab.*)
                0x08007834                        . = ALIGN (0x4)

.ARM            0x08007834        0x8
                0x08007834                        . = ALIGN (0x4)
                0x08007834                        __exidx_start = .
 *(.ARM.exidx*)
 .ARM.exidx     0x08007834        0x8 C:/Users/Taha/AppData/Local/stm32cube/bundles/gnu-tools-for-stm32/13.3.1+st.9/bin/../lib/gcc/arm-none-eabi/13.3.1/../../../../arm-none-eabi/lib/thumb/v7-m/nofp\libg_nano.a(libc_a-strlen.o)
                0x0800783c                        __exidx_end = .
                0x0800783c                        . = ALIGN (0x4)

.preinit_array  0x0800783c        0x0
                0x0800783c                        . = ALIGN (0x4)
                0x0800783c                        PROVIDE (__preinit_array_start = .)
 *(.preinit_array*)
                0x0800783c                        PROVIDE (__preinit_array_end = .)
                0x0800783c                        . = ALIGN (0x4)

.init_array     0x0800783c        0x4
                0x0800783c                        . = ALIGN (0x4)
                0x0800783c                        PROVIDE (__init_array_start = .)
 *(SORT_BY_NAME(.init_array.*))
 *(.init_array*)
 .init_array    0x0800783c        0x4 C:/Users/Taha/AppData/Local/stm32cube/bundles/gnu-tools-for-stm32/13.3.1+st.9/bin/../lib/gcc/arm-none-eabi/13.3.1/thumb/v7-m/nofp/crtbegin.o
                0x08007840                        PROVIDE (__init_array_end = .)
                0x08007840                        . = ALIGN (0x4)

.fini_array     0x08007840        0x4
                0x08007840                        . = ALIGN (0x4)
                [!provide]                        PROVIDE (__fini_array_start = .)
 *(SORT_BY_NAME(.fini_array.*))
 *(.fini_array*)
 .fini_array    0x08007840        0x4 C:/Users/Taha/AppData/Local/stm32cube/bundles/gnu-tools-for-stm32/13.3.1+st.9/bin/../lib/gcc/arm-none-eabi/13.3.1/thumb/v7-m/nofp/crtbegin.o
                [!provide]                        PROVIDE (__fini_array_end = .)
                0x08007844                        . = ALIGN (0x4)
                0x08007844                        _sidata = LOADADDR (.data)

.rel.dyn        0x08007844        0x0
 .rel.iplt      0x08007844        0x0 C:/Users/Taha/AppData/Local/stm32cube/bundles/gnu-tools-for-stm32/13.3.1+st.9/bin/../lib/gcc/arm-none-eabi/13.3.1/thumb/v7-m/nofp/crtbegin.o

.data           0x20000000      0x1f8 load address 0x08007844
                0x20000000                        . = ALIGN (0x4)
                0x20000000                        _sdata = .
 *(.data)
 *(.data*)
 .data.SystemCoreClock
                0x20000000        0x4 cmake/stm32cubemx/CMakeFiles/STM32_Drivers.dir/__/__/Core/Src/system_stm32f1xx.c.obj
                0x20000000                SystemCoreClock
 .data.uwTickPrio
                0x20000004        0x4 cmake/stm32cubemx/CMakeFiles/STM32_Drivers.dir/__/__/Drivers/STM32F1xx_HAL_Driver/Src/stm32f1xx_hal.c.obj
                0x20000004                uwTickPrio
 .data.uwTickFreq
                0x20000008        0x1 cmake/stm32cubemx/CMakeFiles/STM32_Drivers.dir/__/__/Drivers/STM32F1xx_HAL_Driver/Src/stm32f1xx_hal.c.obj
                0x20000008                uwTickFreq
 *fill*         0x20000009        0x3 
 .data.sensor_data
                0x2000000c        0x8 CMakeFiles/heater_module.dir/Core/Src/sensing.c.obj
                0x2000000c                sensor_data
 .data.tx_buf_31865
                0x20000014        0x9 CMakeFiles/heater_module.dir/Core/Src/sensing.c.obj
                0x20000014                tx_buf_31865
 *fill*         0x2000001d        0x3 
 .data.config_data_31865
                0x20000020        0x9 CMakeFiles/heater_module.dir/Core/Src/sensing.c.obj
                0x20000020                config_data_31865
 *fill*         0x20000029        0x3 
 .data.max31855_calibration
                0x2000002c        0x4 CMakeFiles/heater_module.dir/Core/Src/sensing.c.obj
                0x2000002c                max31855_calibration
 .data.__sglue  0x20000030        0xc C:/Users/Taha/AppData/Local/stm32cube/bundles/gnu-tools-for-stm32/13.3.1+st.9/bin/../lib/gcc/arm-none-eabi/13.3.1/../../../../arm-none-eabi/lib/thumb/v7-m/nofp\libg_nano.a(libc_a-findfp.o)
                0x20000030                __sglue
 .data._impure_ptr
                0x2000003c        0x4 C:/Users/Taha/AppData/Local/stm32cube/bundles/gnu-tools-for-stm32/13.3.1+st.9/bin/../lib/gcc/arm-none-eabi/13.3.1/../../../../arm-none-eabi/lib/thumb/v7-m/nofp\libg_nano.a(libc_a-impure.o)
                0x2000003c                _impure_ptr
 .data._impure_data
                0x20000040       0x4c C:/Users/Taha/AppData/Local/stm32cube/bundles/gnu-tools-for-stm32/13.3.1+st.9/bin/../lib/gcc/arm-none-eabi/13.3.1/../../../../arm-none-eabi/lib/thumb/v7-m/nofp\libg_nano.a(libc_a-impure.o)
                0x20000040                _impure_data
 .data.__global_locale
                0x2000008c      0x16c C:/Users/Taha/AppData/Local/stm32cube/bundles/gnu-tools-for-stm32/13.3.1+st.9/bin/../lib/gcc/arm-none-eabi/13.3.1/../../../../arm-none-eabi/lib/thumb/v7-m/nofp\libg_nano.a(libc_a-locale.o)
                0x2000008c                __global_locale
 *(.RamFunc)
 *(.RamFunc*)
                0x200001f8                        . = ALIGN (0x4)

.igot.plt       0x200001f8        0x0 load address 0x08007a3c
 .igot.plt      0x200001f8        0x0 C:/Users/Taha/AppData/Local/stm32cube/bundles/gnu-tools-for-stm32/13.3.1+st.9/bin/../lib/gcc/arm-none-eabi/13.3.1/thumb/v7-m/nofp/crtbegin.o

.tdata          0x200001f8        0x0 load address 0x08007a3c
 *(.tdata .tdata.* .gnu.linkonce.td.*)
                0x200001f8                        . = ALIGN (0x4)
                0x200001f8                        _edata = .
                [!provide]                        PROVIDE (__data_end = .)
                [!provide]                        PROVIDE (__tdata_end = .)
                [!provide]                        PROVIDE (__tdata_start = ADDR (.tdata))
                [!provide]                        PROVIDE (__tdata_size = (__tdata_end - __tdata_start))
                [!provide]                        PROVIDE (__data_start = ADDR (.data))
                [!provide]                        PROVIDE (__data_size = (__data_end - __data_start))
                [!provide]                        PROVIDE (__tdata_source = LOADADDR (.tdata))
                [!provide]                        PROVIDE (__tdata_source_end = (LOADADDR (.tdata) + SIZEOF (.tdata)))
                [!provide]                        PROVIDE (__tdata_source_size = (__tdata_source_end - __tdata_source))
                [!provide]                        PROVIDE (__data_source = LOADADDR (.data))
                [!provide]                        PROVIDE (__data_source_end = __tdata_source_end)
                [!provide]                        PROVIDE (__data_source_size = (__data_source_end - __data_source))

.tbss           0x200001f8        0x0 load address 0x08007a3c
                0x200001f8                        _sbss = .
                0x200001f8                        __bss_start__ = _sbss
 *(.tbss .tbss.*)
                0x200001f8                        . = ALIGN (0x4)
                [!provide]                        PROVIDE (__tbss_end = .)
                [!provide]                        PROVIDE (__tbss_start = ADDR (.tbss))
                [!provide]                        PROVIDE (__tbss_size = (__tbss_end - __tbss_start))
                [!provide]                        PROVIDE (__tbss_offset = (ADDR (.tbss) - ADDR (.tdata)))
                [!provide]                        PROVIDE (__tls_base = __tdata_start)
                [!provide]                        PROVIDE (__tls_end = __tbss_end)
                [!provide]                        PROVIDE (__tls_size = (__tls_end - __tls_base))
                [!provide]                        PROVIDE (__tls_align = MAX (ALIGNOF (.tdata), ALIGNOF (.tbss)))
                [!provide]                        PROVIDE (__tls_size_align = (((__tls_size + __tls_align) - 0x1) & ~ ((__tls_align - 0x1))))
                [!provide]                        PROVIDE (__arm32_tls_tcb_offset = MAX (0x8, __tls_align))
                [!provide]                        PROVIDE (__arm64_tls_tcb_offset = MAX (0x10, __tls_align))

.bss            0x200001f8      0x42c load address 0x08007a3c
 *(.bss)
 .bss           0x200001f8       0x1c C:/Users/Taha/AppData/Local/stm32cube/bundles/gnu-tools-for-stm32/13.3.1+st.9/bin/../lib/gcc/arm-none-eabi/13.3.1/thumb/v7-m/nofp/crtbegin.o
 *(.bss*)
 .bss.uwTick    0x20000214        0x4 cmake/stm32cubemx/CMakeFiles/STM32_Drivers.dir/__/__/Drivers/STM32F1xx_HAL_Driver/Src/stm32f1xx_hal.c.obj
                0x20000214                uwTick
 .bss.hspi1     0x20000218       0x58 CMakeFiles/heater_module.dir/Core/Src/spi.c.obj
                0x20000218                hspi1
 .bss.hspi2     0x20000270       0x58 CMakeFiles/heater_module.dir/Core/Src/spi.c.obj
                0x20000270                hspi2
 .bss.hdma_spi1_rx
                0x200002c8       0x44 CMakeFiles/heater_module.dir/Core/Src/spi.c.obj
                0x200002c8                hdma_spi1_rx
 .bss.hdma_spi1_tx
                0x2000030c       0x44 CMakeFiles/heater_module.dir/Core/Src/spi.c.obj
                0x2000030c                hdma_spi1_tx
 .bss.hdma_spi2_rx
                0x20000350       0x44 CMakeFiles/heater_module.dir/Core/Src/spi.c.obj
                0x20000350                hdma_spi2_rx
 .bss.hdma_spi2_tx
                0x20000394       0x44 CMakeFiles/heater_module.dir/Core/Src/spi.c.obj
                0x20000394                hdma_spi2_tx
 .bss.sampling_step
                0x200003d8        0x1 CMakeFiles/heater_module.dir/Core/Src/tim.c.obj
 *fill*         0x200003d9        0x3 
 .bss.htim1     0x200003dc       0x48 CMakeFiles/heater_module.dir/Core/Src/tim.c.obj
                0x200003dc                htim1
 .bss.__sbrk_heap_end
                0x20000424        0x4 CMakeFiles/heater_module.dir/Core/Src/sysmem.c.obj
 .bss.rx_buf_31865
                0x20000428        0x9 CMakeFiles/heater_module.dir/Core/Src/sensing.c.obj
                0x20000428                rx_buf_31865
 *fill*         0x20000431        0x3 
 .bss.max31865_data
                0x20000434       0x2e CMakeFiles/heater_module.dir/Core/Src/sensing.c.obj
                0x20000434                max31865_data
 *fill*         0x20000462        0x2 
 .bss.max31855_data
                0x20000464       0x2e CMakeFiles/heater_module.dir/Core/Src/sensing.c.obj
                0x20000464                max31855_data
 *fill*         0x20000492        0x2 
 .bss.rx_buf_31855
                0x20000494        0x4 CMakeFiles/heater_module.dir/Core/Src/sensing.c.obj
                0x20000494                rx_buf_31855
 .bss.max31865_busy_flag
                0x20000498        0x1 CMakeFiles/heater_module.dir/Core/Src/sensing.c.obj
                0x20000498                max31865_busy_flag
 .bss.max31865_fault_flag
                0x20000499        0x1 CMakeFiles/heater_module.dir/Core/Src/sensing.c.obj
                0x20000499                max31865_fault_flag
 .bss.max31855_busy_flag
                0x2000049a        0x1 CMakeFiles/heater_module.dir/Core/Src/sensing.c.obj
                0x2000049a                max31855_busy_flag
 .bss.max31855_fault_flag
                0x2000049b        0x1 CMakeFiles/heater_module.dir/Core/Src/sensing.c.obj
                0x2000049b                max31855_fault_flag
 .bss.max31865_error
                0x2000049c        0x4 CMakeFiles/heater_module.dir/Core/Src/sensing.c.obj
                0x2000049c                max31865_error
 .bss.max31855_error
                0x200004a0        0x4 CMakeFiles/heater_module.dir/Core/Src/sensing.c.obj
                0x200004a0                max31855_error
 .bss.max31865_lcd_buffer
                0x200004a4       0x10 CMakeFiles/heater_module.dir/Core/Src/sensing.c.obj
                0x200004a4                max31865_lcd_buffer
 .bss.max31855_lcd_buffer
                0x200004b4       0x10 CMakeFiles/heater_module.dir/Core/Src/sensing.c.obj
                0x200004b4                max31855_lcd_buffer
 .bss.max31865_calibration
                0x200004c4        0x4 CMakeFiles/heater_module.dir/Core/Src/sensing.c.obj
                0x200004c4                max31865_calibration
 .bss.tx_dummy.1
                0x200004c8        0x4 CMakeFiles/heater_module.dir/Core/Src/sensing.c.obj
 .bss.dummy_rx.0
                0x200004cc        0x9 CMakeFiles/heater_module.dir/Core/Src/sensing.c.obj
 *fill*         0x200004d5        0x3 
 .bss.__sf      0x200004d8      0x138 C:/Users/Taha/AppData/Local/stm32cube/bundles/gnu-tools-for-stm32/13.3.1+st.9/bin/../lib/gcc/arm-none-eabi/13.3.1/../../../../arm-none-eabi/lib/thumb/v7-m/nofp\libg_nano.a(libc_a-findfp.o)
                0x200004d8                __sf
 .bss.__stdio_exit_handler
                0x20000610        0x4 C:/Users/Taha/AppData/Local/stm32cube/bundles/gnu-tools-for-stm32/13.3.1+st.9/bin/../lib/gcc/arm-none-eabi/13.3.1/../../../../arm-none-eabi/lib/thumb/v7-m/nofp\libg_nano.a(libc_a-findfp.o)
                0x20000610                __stdio_exit_handler
 .bss.errno     0x20000614        0x4 C:/Users/Taha/AppData/Local/stm32cube/bundles/gnu-tools-for-stm32/13.3.1+st.9/bin/../lib/gcc/arm-none-eabi/13.3.1/../../../../arm-none-eabi/lib/thumb/v7-m/nofp\libg_nano.a(libc_a-reent.o)
                0x20000614                errno
 .bss.__lock___malloc_recursive_mutex
                0x20000618        0x1 C:/Users/Taha/AppData/Local/stm32cube/bundles/gnu-tools-for-stm32/13.3.1+st.9/bin/../lib/gcc/arm-none-eabi/13.3.1/../../../../arm-none-eabi/lib/thumb/v7-m/nofp\libg_nano.a(libc_a-lock.o)
                0x20000618                __lock___malloc_recursive_mutex
 .bss.__lock___sfp_recursive_mutex
                0x20000619        0x1 C:/Users/Taha/AppData/Local/stm32cube/bundles/gnu-tools-for-stm32/13.3.1+st.9/bin/../lib/gcc/arm-none-eabi/13.3.1/../../../../arm-none-eabi/lib/thumb/v7-m/nofp\libg_nano.a(libc_a-lock.o)
                0x20000619                __lock___sfp_recursive_mutex
 *fill*         0x2000061a        0x2 
 .bss.__malloc_sbrk_start
                0x2000061c        0x4 C:/Users/Taha/AppData/Local/stm32cube/bundles/gnu-tools-for-stm32/13.3.1+st.9/bin/../lib/gcc/arm-none-eabi/13.3.1/../../../../arm-none-eabi/lib/thumb/v7-m/nofp\libg_nano.a(libc_a-mallocr.o)
                0x2000061c                __malloc_sbrk_start
 .bss.__malloc_free_list
                0x20000620        0x4 C:/Users/Taha/AppData/Local/stm32cube/bundles/gnu-tools-for-stm32/13.3.1+st.9/bin/../lib/gcc/arm-none-eabi/13.3.1/../../../../arm-none-eabi/lib/thumb/v7-m/nofp\libg_nano.a(libc_a-mallocr.o)
                0x20000620                __malloc_free_list
 *(COMMON)
                0x20000624                        . = ALIGN (0x4)
                0x20000624                        _ebss = .
                0x20000624                        __bss_end__ = _ebss
                [!provide]                        PROVIDE (__bss_end = .)
                [!provide]                        PROVIDE (__non_tls_bss_start = ADDR (.bss))
                [!provide]                        PROVIDE (__bss_start = __tbss_start)
                [!provide]                        PROVIDE (__bss_size = (__bss_end - __bss_start))

._user_heap_stack
                0x20000624      0x604 load address 0x08007a3c
                0x20000628                        . = ALIGN (0x8)
 *fill*         0x20000624        0x4 
                [!provide]                        PROVIDE (end = .)
                0x20000628                        PROVIDE (_end = .)
                0x20000828                        . = (. + _Min_Heap_Size)
 *fill*         0x20000628      0x200 
                0x20000c28                        . = (. + _Min_Stack_Size)
 *fill*         0x20000828      0x400 
                0x20000c28                        . = ALIGN (0x8)

/DISCARD/
 libc.a:*(*)
 libm.a:*(*)
 libgcc.a:*(*)
OUTPUT(heater_module.elf elf32-littlearm)
LOAD linker stubs

.ARM.attributes
                0x00000000       0x29
 .ARM.attributes
                0x00000000       0x1d C:/Users/Taha/AppData/Local/stm32cube/bundles/gnu-tools-for-stm32/13.3.1+st.9/bin/../lib/gcc/arm-none-eabi/13.3.1/thumb/v7-m/nofp/crti.o
 .ARM.attributes
                0x0000001d       0x2d C:/Users/Taha/AppData/Local/stm32cube/bundles/gnu-tools-for-stm32/13.3.1+st.9/bin/../lib/gcc/arm-none-eabi/13.3.1/thumb/v7-m/nofp/crtbegin.o
 .ARM.attributes
                0x0000004a       0x2d cmake/stm32cubemx/CMakeFiles/STM32_Drivers.dir/__/__/Core/Src/system_stm32f1xx.c.obj
 .ARM.attributes
                0x00000077       0x2d cmake/stm32cubemx/CMakeFiles/STM32_Drivers.dir/__/__/Drivers/STM32F1xx_HAL_Driver/Src/stm32f1xx_hal_spi.c.obj
 .ARM.attributes
                0x000000a4       0x2d cmake/stm32cubemx/CMakeFiles/STM32_Drivers.dir/__/__/Drivers/STM32F1xx_HAL_Driver/Src/stm32f1xx_hal.c.obj
 .ARM.attributes
                0x000000d1       0x2d cmake/stm32cubemx/CMakeFiles/STM32_Drivers.dir/__/__/Drivers/STM32F1xx_HAL_Driver/Src/stm32f1xx_hal_rcc.c.obj
 .ARM.attributes
                0x000000fe       0x2d cmake/stm32cubemx/CMakeFiles/STM32_Drivers.dir/__/__/Drivers/STM32F1xx_HAL_Driver/Src/stm32f1xx_hal_gpio.c.obj
 .ARM.attributes
                0x0000012b       0x2d cmake/stm32cubemx/CMakeFiles/STM32_Drivers.dir/__/__/Drivers/STM32F1xx_HAL_Driver/Src/stm32f1xx_hal_dma.c.obj
 .ARM.attributes
                0x00000158       0x2d cmake/stm32cubemx/CMakeFiles/STM32_Drivers.dir/__/__/Drivers/STM32F1xx_HAL_Driver/Src/stm32f1xx_hal_cortex.c.obj
 .ARM.attributes
                0x00000185       0x2d cmake/stm32cubemx/CMakeFiles/STM32_Drivers.dir/__/__/Drivers/STM32F1xx_HAL_Driver/Src/stm32f1xx_hal_tim.c.obj
 .ARM.attributes
                0x000001b2       0x2d cmake/stm32cubemx/CMakeFiles/STM32_Drivers.dir/__/__/Drivers/STM32F1xx_HAL_Driver/Src/stm32f1xx_hal_tim_ex.c.obj
 .ARM.attributes
                0x000001df       0x2d CMakeFiles/heater_module.dir/Core/Src/main.c.obj
 .ARM.attributes
                0x0000020c       0x2d CMakeFiles/heater_module.dir/Core/Src/gpio.c.obj
 .ARM.attributes
                0x00000239       0x2d CMakeFiles/heater_module.dir/Core/Src/dma.c.obj
 .ARM.attributes
                0x00000266       0x2d CMakeFiles/heater_module.dir/Core/Src/spi.c.obj
 .ARM.attributes
                0x00000293       0x2d CMakeFiles/heater_module.dir/Core/Src/tim.c.obj
 .ARM.attributes
                0x000002c0       0x2d CMakeFiles/heater_module.dir/Core/Src/stm32f1xx_it.c.obj
 .ARM.attributes
                0x000002ed       0x2d CMakeFiles/heater_module.dir/Core/Src/stm32f1xx_hal_msp.c.obj
 .ARM.attributes
                0x0000031a       0x2d CMakeFiles/heater_module.dir/Core/Src/sysmem.c.obj
 .ARM.attributes
                0x00000347       0x2d CMakeFiles/heater_module.dir/Core/Src/syscalls.c.obj
 .ARM.attributes
                0x00000374       0x21 CMakeFiles/heater_module.dir/startup_stm32f103xb.s.obj
 .ARM.attributes
                0x00000395       0x2d CMakeFiles/heater_module.dir/Core/Src/sensing.c.obj
 .ARM.attributes
                0x000003c2       0x2d CMakeFiles/heater_module.dir/Core/Src/lcd.c.obj
 .ARM.attributes
                0x000003ef       0x2d C:/Users/Taha/AppData/Local/stm32cube/bundles/gnu-tools-for-stm32/13.3.1+st.9/bin/../lib/gcc/arm-none-eabi/13.3.1/../../../../arm-none-eabi/lib/thumb/v7-m/nofp\libm.a(libm_a-s_round.o)
 .ARM.attributes
                0x0000041c       0x1d C:/Users/Taha/AppData/Local/stm32cube/bundles/gnu-tools-for-stm32/13.3.1+st.9/bin/../lib/gcc/arm-none-eabi/13.3.1/thumb/v7-m/nofp\libgcc.a(_arm_addsubdf3.o)
 .ARM.attributes
                0x00000439       0x1d C:/Users/Taha/AppData/Local/stm32cube/bundles/gnu-tools-for-stm32/13.3.1+st.9/bin/../lib/gcc/arm-none-eabi/13.3.1/thumb/v7-m/nofp\libgcc.a(_arm_fixdfsi.o)
 .ARM.attributes
                0x00000456       0x1d C:/Users/Taha/AppData/Local/stm32cube/bundles/gnu-tools-for-stm32/13.3.1+st.9/bin/../lib/gcc/arm-none-eabi/13.3.1/thumb/v7-m/nofp\libgcc.a(_arm_addsubsf3.o)
 .ARM.attributes
                0x00000473       0x1d C:/Users/Taha/AppData/Local/stm32cube/bundles/gnu-tools-for-stm32/13.3.1+st.9/bin/../lib/gcc/arm-none-eabi/13.3.1/thumb/v7-m/nofp\libgcc.a(_arm_muldivsf3.o)
 .ARM.attributes
                0x00000490       0x2d C:/Users/Taha/AppData/Local/stm32cube/bundles/gnu-tools-for-stm32/13.3.1+st.9/bin/../lib/gcc/arm-none-eabi/13.3.1/../../../../arm-none-eabi/lib/thumb/v7-m/nofp\libg_nano.a(libc_a-nano-vfprintf_float.o)
 .ARM.attributes
                0x000004bd       0x2d C:/Users/Taha/AppData/Local/stm32cube/bundles/gnu-tools-for-stm32/13.3.1+st.9/bin/../lib/gcc/arm-none-eabi/13.3.1/../../../../arm-none-eabi/lib/thumb/v7-m/nofp\libg_nano.a(libc_a-nano-vfprintf_i.o)
 .ARM.attributes
                0x000004ea       0x2d C:/Users/Taha/AppData/Local/stm32cube/bundles/gnu-tools-for-stm32/13.3.1+st.9/bin/../lib/gcc/arm-none-eabi/13.3.1/../../../../arm-none-eabi/lib/thumb/v7-m/nofp\libg_nano.a(libc_a-findfp.o)
 .ARM.attributes
                0x00000517       0x2d C:/Users/Taha/AppData/Local/stm32cube/bundles/gnu-tools-for-stm32/13.3.1+st.9/bin/../lib/gcc/arm-none-eabi/13.3.1/../../../../arm-none-eabi/lib/thumb/v7-m/nofp\libg_nano.a(libc_a-fwalk.o)
 .ARM.attributes
                0x00000544       0x2d C:/Users/Taha/AppData/Local/stm32cube/bundles/gnu-tools-for-stm32/13.3.1+st.9/bin/../lib/gcc/arm-none-eabi/13.3.1/../../../../arm-none-eabi/lib/thumb/v7-m/nofp\libg_nano.a(libc_a-sprintf.o)
 .ARM.attributes
                0x00000571       0x2d C:/Users/Taha/AppData/Local/stm32cube/bundles/gnu-tools-for-stm32/13.3.1+st.9/bin/../lib/gcc/arm-none-eabi/13.3.1/../../../../arm-none-eabi/lib/thumb/v7-m/nofp\libg_nano.a(libc_a-stdio.o)
 .ARM.attributes
                0x0000059e       0x2d C:/Users/Taha/AppData/Local/stm32cube/bundles/gnu-tools-for-stm32/13.3.1+st.9/bin/../lib/gcc/arm-none-eabi/13.3.1/../../../../arm-none-eabi/lib/thumb/v7-m/nofp\libg_nano.a(libc_a-memset.o)
 .ARM.attributes
                0x000005cb       0x2d C:/Users/Taha/AppData/Local/stm32cube/bundles/gnu-tools-for-stm32/13.3.1+st.9/bin/../lib/gcc/arm-none-eabi/13.3.1/../../../../arm-none-eabi/lib/thumb/v7-m/nofp\libg_nano.a(libc_a-localeconv.o)
 .ARM.attributes
                0x000005f8       0x2d C:/Users/Taha/AppData/Local/stm32cube/bundles/gnu-tools-for-stm32/13.3.1+st.9/bin/../lib/gcc/arm-none-eabi/13.3.1/../../../../arm-none-eabi/lib/thumb/v7-m/nofp\libg_nano.a(libc_a-closer.o)
 .ARM.attributes
                0x00000625       0x2d C:/Users/Taha/AppData/Local/stm32cube/bundles/gnu-tools-for-stm32/13.3.1+st.9/bin/../lib/gcc/arm-none-eabi/13.3.1/../../../../arm-none-eabi/lib/thumb/v7-m/nofp\libg_nano.a(libc_a-reent.o)
 .ARM.attributes
                0x00000652       0x2d C:/Users/Taha/AppData/Local/stm32cube/bundles/gnu-tools-for-stm32/13.3.1+st.9/bin/../lib/gcc/arm-none-eabi/13.3.1/../../../../arm-none-eabi/lib/thumb/v7-m/nofp\libg_nano.a(libc_a-impure.o)
 .ARM.attributes
                0x0000067f       0x2d C:/Users/Taha/AppData/Local/stm32cube/bundles/gnu-tools-for-stm32/13.3.1+st.9/bin/../lib/gcc/arm-none-eabi/13.3.1/../../../../arm-none-eabi/lib/thumb/v7-m/nofp\libg_nano.a(libc_a-lseekr.o)
 .ARM.attributes
                0x000006ac       0x2d C:/Users/Taha/AppData/Local/stm32cube/bundles/gnu-tools-for-stm32/13.3.1+st.9/bin/../lib/gcc/arm-none-eabi/13.3.1/../../../../arm-none-eabi/lib/thumb/v7-m/nofp\libg_nano.a(libc_a-readr.o)
 .ARM.attributes
                0x000006d9       0x2d C:/Users/Taha/AppData/Local/stm32cube/bundles/gnu-tools-for-stm32/13.3.1+st.9/bin/../lib/gcc/arm-none-eabi/13.3.1/../../../../arm-none-eabi/lib/thumb/v7-m/nofp\libg_nano.a(libc_a-writer.o)
 .ARM.attributes
                0x00000706       0x2d C:/Users/Taha/AppData/Local/stm32cube/bundles/gnu-tools-for-stm32/13.3.1+st.9/bin/../lib/gcc/arm-none-eabi/13.3.1/../../../../arm-none-eabi/lib/thumb/v7-m/nofp\libg_nano.a(libc_a-errno.o)
 .ARM.attributes
                0x00000733       0x2d C:/Users/Taha/AppData/Local/stm32cube/bundles/gnu-tools-for-stm32/13.3.1+st.9/bin/../lib/gcc/arm-none-eabi/13.3.1/../../../../arm-none-eabi/lib/thumb/v7-m/nofp\libg_nano.a(libc_a-init.o)
 .ARM.attributes
                0x00000760       0x2d C:/Users/Taha/AppData/Local/stm32cube/bundles/gnu-tools-for-stm32/13.3.1+st.9/bin/../lib/gcc/arm-none-eabi/13.3.1/../../../../arm-none-eabi/lib/thumb/v7-m/nofp\libg_nano.a(libc_a-lock.o)
 .ARM.attributes
                0x0000078d       0x2d C:/Users/Taha/AppData/Local/stm32cube/bundles/gnu-tools-for-stm32/13.3.1+st.9/bin/../lib/gcc/arm-none-eabi/13.3.1/../../../../arm-none-eabi/lib/thumb/v7-m/nofp\libg_nano.a(libc_a-memchr-stub.o)
 .ARM.attributes
                0x000007ba       0x17 C:/Users/Taha/AppData/Local/stm32cube/bundles/gnu-tools-for-stm32/13.3.1+st.9/bin/../lib/gcc/arm-none-eabi/13.3.1/../../../../arm-none-eabi/lib/thumb/v7-m/nofp\libg_nano.a(libc_a-strlen.o)
 .ARM.attributes
                0x000007d1       0x2d C:/Users/Taha/AppData/Local/stm32cube/bundles/gnu-tools-for-stm32/13.3.1+st.9/bin/../lib/gcc/arm-none-eabi/13.3.1/../../../../arm-none-eabi/lib/thumb/v7-m/nofp\libg_nano.a(libc_a-dtoa.o)
 .ARM.attributes
                0x000007fe       0x2d C:/Users/Taha/AppData/Local/stm32cube/bundles/gnu-tools-for-stm32/13.3.1+st.9/bin/../lib/gcc/arm-none-eabi/13.3.1/../../../../arm-none-eabi/lib/thumb/v7-m/nofp\libg_nano.a(libc_a-freer.o)
 .ARM.attributes
                0x0000082b       0x2d C:/Users/Taha/AppData/Local/stm32cube/bundles/gnu-tools-for-stm32/13.3.1+st.9/bin/../lib/gcc/arm-none-eabi/13.3.1/../../../../arm-none-eabi/lib/thumb/v7-m/nofp\libg_nano.a(libc_a-malloc.o)
 .ARM.attributes
                0x00000858       0x2d C:/Users/Taha/AppData/Local/stm32cube/bundles/gnu-tools-for-stm32/13.3.1+st.9/bin/../lib/gcc/arm-none-eabi/13.3.1/../../../../arm-none-eabi/lib/thumb/v7-m/nofp\libg_nano.a(libc_a-mallocr.o)
 .ARM.attributes
                0x00000885       0x2d C:/Users/Taha/AppData/Local/stm32cube/bundles/gnu-tools-for-stm32/13.3.1+st.9/bin/../lib/gcc/arm-none-eabi/13.3.1/../../../../arm-none-eabi/lib/thumb/v7-m/nofp\libg_nano.a(libc_a-mlock.o)
 .ARM.attributes
                0x000008b2       0x2d C:/Users/Taha/AppData/Local/stm32cube/bundles/gnu-tools-for-stm32/13.3.1+st.9/bin/../lib/gcc/arm-none-eabi/13.3.1/../../../../arm-none-eabi/lib/thumb/v7-m/nofp\libg_nano.a(libc_a-mprec.o)
 .ARM.attributes
                0x000008df       0x2d C:/Users/Taha/AppData/Local/stm32cube/bundles/gnu-tools-for-stm32/13.3.1+st.9/bin/../lib/gcc/arm-none-eabi/13.3.1/../../../../arm-none-eabi/lib/thumb/v7-m/nofp\libg_nano.a(libc_a-nano-svfprintf.o)
 .ARM.attributes
                0x0000090c       0x2d C:/Users/Taha/AppData/Local/stm32cube/bundles/gnu-tools-for-stm32/13.3.1+st.9/bin/../lib/gcc/arm-none-eabi/13.3.1/../../../../arm-none-eabi/lib/thumb/v7-m/nofp\libg_nano.a(libc_a-fflush.o)
 .ARM.attributes
                0x00000939       0x2d C:/Users/Taha/AppData/Local/stm32cube/bundles/gnu-tools-for-stm32/13.3.1+st.9/bin/../lib/gcc/arm-none-eabi/13.3.1/../../../../arm-none-eabi/lib/thumb/v7-m/nofp\libg_nano.a(libc_a-memmove.o)
 .ARM.attributes
                0x00000966       0x2d C:/Users/Taha/AppData/Local/stm32cube/bundles/gnu-tools-for-stm32/13.3.1+st.9/bin/../lib/gcc/arm-none-eabi/13.3.1/../../../../arm-none-eabi/lib/thumb/v7-m/nofp\libg_nano.a(libc_a-locale.o)
 .ARM.attributes
                0x00000993       0x2d C:/Users/Taha/AppData/Local/stm32cube/bundles/gnu-tools-for-stm32/13.3.1+st.9/bin/../lib/gcc/arm-none-eabi/13.3.1/../../../../arm-none-eabi/lib/thumb/v7-m/nofp\libg_nano.a(libc_a-sbrkr.o)
 .ARM.attributes
                0x000009c0       0x2d C:/Users/Taha/AppData/Local/stm32cube/bundles/gnu-tools-for-stm32/13.3.1+st.9/bin/../lib/gcc/arm-none-eabi/13.3.1/../../../../arm-none-eabi/lib/thumb/v7-m/nofp\libg_nano.a(libc_a-memcpy-stub.o)
 .ARM.attributes
                0x000009ed       0x2d C:/Users/Taha/AppData/Local/stm32cube/bundles/gnu-tools-for-stm32/13.3.1+st.9/bin/../lib/gcc/arm-none-eabi/13.3.1/../../../../arm-none-eabi/lib/thumb/v7-m/nofp\libg_nano.a(libc_a-assert.o)
 .ARM.attributes
                0x00000a1a       0x2d C:/Users/Taha/AppData/Local/stm32cube/bundles/gnu-tools-for-stm32/13.3.1+st.9/bin/../lib/gcc/arm-none-eabi/13.3.1/../../../../arm-none-eabi/lib/thumb/v7-m/nofp\libg_nano.a(libc_a-callocr.o)
 .ARM.attributes
                0x00000a47       0x2d C:/Users/Taha/AppData/Local/stm32cube/bundles/gnu-tools-for-stm32/13.3.1+st.9/bin/../lib/gcc/arm-none-eabi/13.3.1/../../../../arm-none-eabi/lib/thumb/v7-m/nofp\libg_nano.a(libc_a-mbtowc_r.o)
 .ARM.attributes
                0x00000a74       0x2d C:/Users/Taha/AppData/Local/stm32cube/bundles/gnu-tools-for-stm32/13.3.1+st.9/bin/../lib/gcc/arm-none-eabi/13.3.1/../../../../arm-none-eabi/lib/thumb/v7-m/nofp\libg_nano.a(libc_a-reallocr.o)
 .ARM.attributes
                0x00000aa1       0x2d C:/Users/Taha/AppData/Local/stm32cube/bundles/gnu-tools-for-stm32/13.3.1+st.9/bin/../lib/gcc/arm-none-eabi/13.3.1/../../../../arm-none-eabi/lib/thumb/v7-m/nofp\libg_nano.a(libc_a-wctomb_r.o)
 .ARM.attributes
                0x00000ace       0x2d C:/Users/Taha/AppData/Local/stm32cube/bundles/gnu-tools-for-stm32/13.3.1+st.9/bin/../lib/gcc/arm-none-eabi/13.3.1/../../../../arm-none-eabi/lib/thumb/v7-m/nofp\libg_nano.a(libc_a-ctype_.o)
 .ARM.attributes